1. 串行：-Xmx512m -XX:+UseSerialGC -XX:+PrintGCDetails -XX:+PrintGCDateStamps
<pre>
2020-10-27T21:29:05.533+0800: [GC (Allocation Failure) 2020-10-27T21:29:05.533+0800: [DefNew: 69952K->8703K(78656K), 0.0107124 secs] 69952K->23408K(253440K), 0.0107763 secs] [Times: user=0.00 sys=0.00, real=0.01 secs] 
2020-10-27T21:29:05.560+0800: [GC (Allocation Failure) 2020-10-27T21:29:05.560+0800: [DefNew: 78655K->8703K(78656K), 0.0145482 secs] 93360K->48831K(253440K), 0.0145932 secs] [Times: user=0.00 sys=0.01, real=0.02 secs] 
2020-10-27T21:29:05.604+0800: [GC (Allocation Failure) 2020-10-27T21:29:05.604+0800: [DefNew: 78341K->8703K(78656K), 0.0124545 secs] 118469K->73876K(253440K), 0.0124955 secs] [Times: user=0.00 sys=0.02, real=0.01 secs] 
2020-10-27T21:29:05.629+0800: [GC (Allocation Failure) 2020-10-27T21:29:05.629+0800: [DefNew: 78076K->8703K(78656K), 0.0110599 secs] 143249K->98532K(253440K), 0.0110984 secs] [Times: user=0.00 sys=0.00, real=0.01 secs] 
2020-10-27T21:29:05.649+0800: [GC (Allocation Failure) 2020-10-27T21:29:05.649+0800: [DefNew: 78655K->8703K(78656K), 0.0106229 secs] 168484K->121081K(253440K), 0.0106644 secs] [Times: user=0.02 sys=0.00, real=0.01 secs] 
2020-10-27T21:29:05.670+0800: [GC (Allocation Failure) 2020-10-27T21:29:05.670+0800: [DefNew: 78562K->8703K(78656K), 0.0118573 secs] 190940K->146440K(253440K), 0.0118988 secs] [Times: user=0.00 sys=0.01, real=0.01 secs] 
2020-10-27T21:29:05.692+0800: [GC (Allocation Failure) 2020-10-27T21:29:05.692+0800: [DefNew: 78655K->8699K(78656K), 0.0103379 secs] 216392K->168666K(253440K), 0.0103764 secs] [Times: user=0.00 sys=0.00, real=0.01 secs] 
2020-10-27T21:29:05.714+0800: [GC (Allocation Failure) 2020-10-27T21:29:05.714+0800: [DefNew: 78533K->8701K(78656K), 0.0110493 secs]2020-10-27T21:29:05.725+0800: [Tenured: 182366K->169358K(182436K), 0.0211859 secs] 238500K->169358K(261092K), [Metaspace: 2697K->2697K(1056768K)], 0.0327343 secs] [Times: user=0.02 sys=0.02, real=0.03 secs] 
2020-10-27T21:29:05.768+0800: [GC (Allocation Failure) 2020-10-27T21:29:05.768+0800: [DefNew: 113024K->14078K(127104K), 0.0140876 secs] 282382K->209535K(409368K), 0.0141249 secs] [Times: user=0.02 sys=0.00, real=0.02 secs] 
2020-10-27T21:29:05.799+0800: [GC (Allocation Failure) 2020-10-27T21:29:05.799+0800: [DefNew: 127102K->14078K(127104K), 0.0191748 secs] 322559K->243429K(409368K), 0.0192120 secs] [Times: user=0.02 sys=0.00, real=0.02 secs] 
2020-10-27T21:29:05.834+0800: [GC (Allocation Failure) 2020-10-27T21:29:05.834+0800: [DefNew: 127102K->14076K(127104K), 0.0196396 secs] 356453K->282117K(409368K), 0.0196853 secs] [Times: user=0.00 sys=0.02, real=0.02 secs] 
2020-10-27T21:29:05.869+0800: [GC (Allocation Failure) 2020-10-27T21:29:05.869+0800: [DefNew: 127051K->14079K(127104K), 0.0159600 secs]2020-10-27T21:29:05.885+0800: [Tenured: 301041K->249796K(301112K), 0.0338275 secs] 395092K->249796K(428216K), [Metaspace: 2697K->2697K(1056768K)], 0.0500834 secs] [Times: user=0.03 sys=0.00, real=0.05 secs] 
2020-10-27T21:29:05.939+0800: [GC (Allocation Failure) 2020-10-27T21:29:05.939+0800: [DefNew: 139776K->17470K(157248K), 0.0120612 secs] 389572K->299328K(506816K), 0.0121031 secs] [Times: user=0.00 sys=0.00, real=0.01 secs] 
2020-10-27T21:29:05.970+0800: [GC (Allocation Failure) 2020-10-27T21:29:05.970+0800: [DefNew: 157246K->17471K(157248K), 0.0184416 secs] 439104K->338545K(506816K), 0.0184826 secs] [Times: user=0.00 sys=0.02, real=0.02 secs] 
2020-10-27T21:29:06.007+0800: [GC (Allocation Failure) 2020-10-27T21:29:06.007+0800: [DefNew: 157247K->157247K(157248K), 0.0000224 secs]2020-10-27T21:29:06.007+0800: [Tenured: 321073K->292824K(349568K), 0.0416059 secs] 478321K->292824K(506816K), [Metaspace: 2697K->2697K(1056768K)], 0.0416999 secs] [Times: user=0.05 sys=0.00, real=0.04 secs] 
2020-10-27T21:29:06.067+0800: [GC (Allocation Failure) 2020-10-27T21:29:06.067+0800: [DefNew: 139776K->17471K(157248K), 0.0085943 secs] 432600K->342008K(506816K), 0.0086325 secs] [Times: user=0.00 sys=0.00, real=0.01 secs] 
2020-10-27T21:29:06.094+0800: [GC (Allocation Failure) 2020-10-27T21:29:06.094+0800: [DefNew: 157247K->157247K(157248K), 0.0000203 secs]2020-10-27T21:29:06.094+0800: [Tenured: 324536K->303163K(349568K), 0.0479318 secs] 481784K->303163K(506816K), [Metaspace: 2697K->2697K(1056768K)], 0.0480108 secs] [Times: user=0.06 sys=0.00, real=0.05 secs] 
2020-10-27T21:29:06.162+0800: [GC (Allocation Failure) 2020-10-27T21:29:06.162+0800: [DefNew: 139776K->17471K(157248K), 0.0119550 secs] 442939K->356380K(506816K), 0.0120068 secs] [Times: user=0.00 sys=0.02, real=0.01 secs] 
2020-10-27T21:29:06.192+0800: [GC (Allocation Failure) 2020-10-27T21:29:06.192+0800: [DefNew: 157176K->157176K(157248K), 0.0000200 secs]2020-10-27T21:29:06.192+0800: [Tenured: 338908K->343079K(349568K), 0.0434416 secs] 496084K->343079K(506816K), [Metaspace: 3091K->3091K(1056768K)], 0.0435198 secs] [Times: user=0.05 sys=0.00, real=0.04 secs] 
2020-10-27T21:29:06.255+0800: [GC (Allocation Failure) 2020-10-27T21:29:06.255+0800: [DefNew: 139776K->139776K(157248K), 0.0000212 secs]2020-10-27T21:29:06.255+0800: [Tenured: 343079K->349404K(349568K), 0.0476882 secs] 482855K->353507K(506816K), [Metaspace: 3252K->3252K(1056768K)], 0.0477790 secs] [Times: user=0.05 sys=0.00, real=0.05 secs] 
2020-10-27T21:29:06.323+0800: [Full GC (Allocation Failure) 2020-10-27T21:29:06.324+0800: [Tenured: 349404K->349031K(349568K), 0.0484912 secs] 506610K->361766K(506816K), [Metaspace: 3252K->3252K(1056768K)], 0.0485653 secs] [Times: user=0.05 sys=0.00, real=0.05 secs] 
2020-10-27T21:29:06.393+0800: [Full GC (Allocation Failure) 2020-10-27T21:29:06.393+0800: [Tenured: 349550K->344305K(349568K), 0.0517180 secs] 506796K->344305K(506816K), [Metaspace: 3252K->3252K(1056768K)], 0.0517725 secs] [Times: user=0.05 sys=0.00, real=0.05 secs] 
2020-10-27T21:29:06.465+0800: [GC (Allocation Failure) 2020-10-27T21:29:06.465+0800: [DefNew: 139776K->139776K(157248K), 0.0000206 secs]2020-10-27T21:29:06.465+0800: [Tenured: 344305K->349540K(349568K), 0.0347961 secs] 484081K->363127K(506816K), [Metaspace: 3252K->3252K(1056768K)], 0.0348803 secs] [Times: user=0.05 sys=0.00, real=0.04 secs] 
执行结束!共生成对象次数:9745
Heap
 def new generation   total 157248K, used 19363K [0x00000000e0000000, 0x00000000eaaa0000, 0x00000000eaaa0000)
  eden space 139776K,  13% used [0x00000000e0000000, 0x00000000e12e8e88, 0x00000000e8880000)
  from space 17472K,   0% used [0x00000000e8880000, 0x00000000e8880000, 0x00000000e9990000)
  to   space 17472K,   0% used [0x00000000e9990000, 0x00000000e9990000, 0x00000000eaaa0000)
 tenured generation   total 349568K, used 349540K [0x00000000eaaa0000, 0x0000000100000000, 0x0000000100000000)
   the space 349568K,  99% used [0x00000000eaaa0000, 0x00000000ffff93a8, 0x00000000ffff9400, 0x0000000100000000)
 Metaspace       used 3258K, capacity 4486K, committed 4864K, reserved 1056768K
  class space    used 362K, capacity 386K, committed 512K, reserved 1048576K
  </pre>
2. 并行：-Xmx512m -XX:+UseParallelGC -XX:+UseParallelOldGC -XX:+PrintGCDetails -XX:+PrintGCDateStamps
<pre>
2020-10-27T21:40:35.211+0800: [GC (Allocation Failure) [PSYoungGen: 65396K->10748K(76288K)] 65396K->20177K(251392K), 0.0042223 secs] [Times: user=0.00 sys=0.00, real=0.01 secs] 
2020-10-27T21:40:35.229+0800: [GC (Allocation Failure) [PSYoungGen: 76174K->10720K(141824K)] 85604K->40583K(316928K), 0.0063316 secs] [Times: user=0.02 sys=0.03, real=0.01 secs] 
2020-10-27T21:40:35.288+0800: [GC (Allocation Failure) [PSYoungGen: 141792K->10740K(141824K)] 171655K->83246K(316928K), 0.0108946 secs] [Times: user=0.00 sys=0.05, real=0.01 secs] 
2020-10-27T21:40:35.316+0800: [GC (Allocation Failure) [PSYoungGen: 141812K->10745K(163840K)] 214318K->128865K(338944K), 0.0088258 secs] [Times: user=0.00 sys=0.00, real=0.01 secs] 
2020-10-27T21:40:35.325+0800: [Full GC (Ergonomics) [PSYoungGen: 10745K->0K(163840K)] [ParOldGen: 118120K->113334K(253952K)] 128865K->113334K(417792K), [Metaspace: 2697K->2697K(1056768K)], 0.0169623 secs] [Times: user=0.06 sys=0.00, real=0.02 secs] 
2020-10-27T21:40:35.363+0800: [GC (Allocation Failure) [PSYoungGen: 153088K->10747K(163840K)] 266422K->167293K(417792K), 0.0086026 secs] [Times: user=0.00 sys=0.00, real=0.01 secs] 
2020-10-27T21:40:35.392+0800: [GC (Allocation Failure) [PSYoungGen: 163835K->10734K(69632K)] 320381K->218843K(323584K), 0.0127048 secs] [Times: user=0.00 sys=0.00, real=0.01 secs] 
2020-10-27T21:40:35.405+0800: [Full GC (Ergonomics) [PSYoungGen: 10734K->0K(69632K)] [ParOldGen: 208108K->183643K(349696K)] 218843K->183643K(419328K), [Metaspace: 3251K->3251K(1056768K)], 0.0254367 secs] [Times: user=0.08 sys=0.00, real=0.03 secs] 
2020-10-27T21:40:35.439+0800: [GC (Allocation Failure) [PSYoungGen: 58860K->21033K(116736K)] 242503K->204677K(466432K), 0.0029799 secs] [Times: user=0.00 sys=0.00, real=0.00 secs] 
2020-10-27T21:40:35.450+0800: [GC (Allocation Failure) [PSYoungGen: 79638K->41495K(116736K)] 263282K->225138K(466432K), 0.0052175 secs] [Times: user=0.06 sys=0.00, real=0.00 secs] 
2020-10-27T21:40:35.464+0800: [GC (Allocation Failure) [PSYoungGen: 100284K->54372K(116736K)] 283928K->238016K(466432K), 0.0069842 secs] [Times: user=0.06 sys=0.00, real=0.01 secs] 
2020-10-27T21:40:35.479+0800: [GC (Allocation Failure) [PSYoungGen: 112999K->27666K(116736K)] 296643K->249990K(466432K), 0.0088902 secs] [Times: user=0.06 sys=0.00, real=0.01 secs] 
2020-10-27T21:40:35.497+0800: [GC (Allocation Failure) [PSYoungGen: 86546K->21286K(116736K)] 308870K->269355K(466432K), 0.0067778 secs] [Times: user=0.02 sys=0.05, real=0.01 secs] 
2020-10-27T21:40:35.513+0800: [GC (Allocation Failure) [PSYoungGen: 80166K->17396K(116736K)] 328235K->286217K(466432K), 0.0071846 secs] [Times: user=0.00 sys=0.05, real=0.01 secs] 
2020-10-27T21:40:35.529+0800: [GC (Allocation Failure) [PSYoungGen: 76276K->22189K(116736K)] 345097K->307864K(466432K), 0.0054398 secs] [Times: user=0.06 sys=0.00, real=0.00 secs] 
2020-10-27T21:40:35.543+0800: [GC (Allocation Failure) [PSYoungGen: 81069K->20303K(116736K)] 366744K->327051K(466432K), 0.0063889 secs] [Times: user=0.05 sys=0.02, real=0.01 secs] 
2020-10-27T21:40:35.550+0800: [Full GC (Ergonomics) [PSYoungGen: 20303K->0K(116736K)] [ParOldGen: 306748K->246339K(349696K)] 327051K->246339K(466432K), [Metaspace: 3252K->3252K(1056768K)], 0.0350779 secs] [Times: user=0.11 sys=0.00, real=0.04 secs] 
2020-10-27T21:40:35.593+0800: [GC (Allocation Failure) [PSYoungGen: 58809K->19196K(116736K)] 305149K->265536K(466432K), 0.0029476 secs] [Times: user=0.06 sys=0.00, real=0.00 secs] 
2020-10-27T21:40:35.605+0800: [GC (Allocation Failure) [PSYoungGen: 77918K->19332K(116736K)] 324258K->283461K(466432K), 0.0050417 secs] [Times: user=0.02 sys=0.00, real=0.00 secs] 
2020-10-27T21:40:35.618+0800: [GC (Allocation Failure) [PSYoungGen: 78212K->17613K(116736K)] 342341K->299751K(466432K), 0.0048945 secs] [Times: user=0.00 sys=0.00, real=0.00 secs] 
2020-10-27T21:40:35.631+0800: [GC (Allocation Failure) [PSYoungGen: 76493K->19981K(116736K)] 358631K->319075K(466432K), 0.0049881 secs] [Times: user=0.00 sys=0.00, real=0.00 secs] 
2020-10-27T21:40:35.645+0800: [GC (Allocation Failure) [PSYoungGen: 78861K->23413K(116736K)] 377955K->341917K(466432K), 0.0066381 secs] [Times: user=0.00 sys=0.00, real=0.01 secs] 
2020-10-27T21:40:35.652+0800: [Full GC (Ergonomics) [PSYoungGen: 23413K->0K(116736K)] [ParOldGen: 318503K->275077K(349696K)] 341917K->275077K(466432K), [Metaspace: 3252K->3252K(1056768K)], 0.0366205 secs] [Times: user=0.16 sys=0.00, real=0.04 secs] 
2020-10-27T21:40:35.697+0800: [GC (Allocation Failure) [PSYoungGen: 58649K->22369K(116736K)] 333727K->297446K(466432K), 0.0037589 secs] [Times: user=0.00 sys=0.00, real=0.00 secs] 
2020-10-27T21:40:35.708+0800: [GC (Allocation Failure) [PSYoungGen: 81208K->17891K(116736K)] 356286K->314996K(466432K), 0.0052885 secs] [Times: user=0.00 sys=0.00, real=0.01 secs] 
2020-10-27T21:40:35.722+0800: [GC (Allocation Failure) [PSYoungGen: 76622K->19610K(116736K)] 373726K->334098K(466432K), 0.0048740 secs] [Times: user=0.00 sys=0.00, real=0.01 secs] 
2020-10-27T21:40:35.727+0800: [Full GC (Ergonomics) [PSYoungGen: 19610K->0K(116736K)] [ParOldGen: 314487K->292022K(349696K)] 334098K->292022K(466432K), [Metaspace: 3252K->3252K(1056768K)], 0.0405310 secs] [Times: user=0.14 sys=0.00, real=0.04 secs] 
2020-10-27T21:40:35.775+0800: [GC (Allocation Failure) [PSYoungGen: 58880K->24047K(82944K)] 350902K->316069K(432640K), 0.0039188 secs] [Times: user=0.00 sys=0.00, real=0.00 secs] 
2020-10-27T21:40:35.788+0800: [GC (Allocation Failure) [PSYoungGen: 82927K->41190K(112640K)] 374949K->333212K(462336K), 0.0053734 secs] [Times: user=0.00 sys=0.00, real=0.01 secs] 
2020-10-27T21:40:35.802+0800: [GC (Allocation Failure) [PSYoungGen: 97821K->21626K(114688K)] 389843K->352487K(464384K), 0.0082178 secs] [Times: user=0.00 sys=0.00, real=0.01 secs] 
2020-10-27T21:40:35.810+0800: [Full GC (Ergonomics) [PSYoungGen: 21626K->0K(114688K)] [ParOldGen: 330861K->307459K(349696K)] 352487K->307459K(464384K), [Metaspace: 3252K->3252K(1056768K)], 0.0427731 secs] [Times: user=0.13 sys=0.00, real=0.04 secs] 
2020-10-27T21:40:35.861+0800: [GC (Allocation Failure) [PSYoungGen: 56832K->21336K(112128K)] 364291K->328796K(461824K), 0.0034105 secs] [Times: user=0.00 sys=0.00, real=0.00 secs] 
2020-10-27T21:40:35.873+0800: [GC (Allocation Failure) [PSYoungGen: 81179K->40178K(114688K)] 388639K->347638K(464384K), 0.0055292 secs] [Times: user=0.06 sys=0.00, real=0.01 secs] 
2020-10-27T21:40:35.887+0800: [GC (Allocation Failure) [PSYoungGen: 100138K->56809K(115712K)] 407598K->367865K(465408K), 0.0081026 secs] [Times: user=0.06 sys=0.00, real=0.01 secs] 
2020-10-27T21:40:35.904+0800: [GC (Allocation Failure) [PSYoungGen: 115689K->39595K(116736K)] 426745K->385074K(466432K), 0.0117597 secs] [Times: user=0.05 sys=0.00, real=0.01 secs] 
2020-10-27T21:40:35.915+0800: [Full GC (Ergonomics) [PSYoungGen: 39595K->0K(116736K)] [ParOldGen: 345479K->327477K(349696K)] 385074K->327477K(466432K), [Metaspace: 3252K->3252K(1056768K)], 0.0441394 secs] [Times: user=0.16 sys=0.00, real=0.05 secs] 
2020-10-27T21:40:35.968+0800: [Full GC (Ergonomics) [PSYoungGen: 58718K->0K(116736K)] [ParOldGen: 327477K->327633K(349696K)] 386196K->327633K(466432K), [Metaspace: 3252K->3252K(1056768K)], 0.0430111 secs] [Times: user=0.11 sys=0.00, real=0.04 secs] 
2020-10-27T21:40:36.020+0800: [Full GC (Ergonomics) [PSYoungGen: 58825K->0K(116736K)] [ParOldGen: 327633K->332845K(349696K)] 386458K->332845K(466432K), [Metaspace: 3252K->3252K(1056768K)], 0.0446662 secs] [Times: user=0.13 sys=0.00, real=0.04 secs] 
2020-10-27T21:40:36.072+0800: [Full GC (Ergonomics) [PSYoungGen: 58759K->0K(116736K)] [ParOldGen: 332845K->335739K(349696K)] 391605K->335739K(466432K), [Metaspace: 3252K->3252K(1056768K)], 0.0432868 secs] [Times: user=0.16 sys=0.00, real=0.04 secs] 
2020-10-27T21:40:36.124+0800: [Full GC (Ergonomics) [PSYoungGen: 58880K->0K(116736K)] [ParOldGen: 335739K->340267K(349696K)] 394619K->340267K(466432K), [Metaspace: 3252K->3252K(1056768K)], 0.0453561 secs] [Times: user=0.16 sys=0.00, real=0.05 secs] 
执行结束!共生成对象次数:8502
Heap
 PSYoungGen      total 116736K, used 2607K [0x00000000f5580000, 0x0000000100000000, 0x0000000100000000)
  eden space 58880K, 4% used [0x00000000f5580000,0x00000000f580bf60,0x00000000f8f00000)
  from space 57856K, 0% used [0x00000000f8f00000,0x00000000f8f00000,0x00000000fc780000)
  to   space 57856K, 0% used [0x00000000fc780000,0x00000000fc780000,0x0000000100000000)
 ParOldGen       total 349696K, used 340267K [0x00000000e0000000, 0x00000000f5580000, 0x00000000f5580000)
  object space 349696K, 97% used [0x00000000e0000000,0x00000000f4c4ac18,0x00000000f5580000)
 Metaspace       used 3258K, capacity 4486K, committed 4864K, reserved 1056768K
  class space    used 362K, capacity 386K, committed 512K, reserved 1048576K
</pre>
3. CMS: -Xmx512m  -XX:+UseConcMarkSweepGC -XX:+PrintGCDetails -XX:+PrintGCDateStamps
<pre>
2020-10-27T21:48:22.540+0800: [GC (Allocation Failure) 2020-10-27T21:48:22.540+0800: [ParNew: 69952K->8698K(78656K), 0.0057239 secs] 69952K->21253K(253440K), 0.0057950 secs] [Times: user=0.00 sys=0.00, real=0.01 secs] 
2020-10-27T21:48:22.571+0800: [GC (Allocation Failure) 2020-10-27T21:48:22.571+0800: [ParNew: 78650K->8700K(78656K), 0.0082952 secs] 91205K->45612K(253440K), 0.0083417 secs] [Times: user=0.03 sys=0.01, real=0.01 secs] 
2020-10-27T21:48:22.632+0800: [GC (Allocation Failure) 2020-10-27T21:48:22.632+0800: [ParNew: 78652K->8704K(78656K), 0.0108717 secs] 115564K->71153K(253440K), 0.0109259 secs] [Times: user=0.03 sys=0.02, real=0.01 secs] 
2020-10-27T21:48:22.654+0800: [GC (Allocation Failure) 2020-10-27T21:48:22.654+0800: [ParNew: 78656K->8704K(78656K), 0.0087920 secs] 141105K->92887K(253440K), 0.0088367 secs] [Times: user=0.05 sys=0.00, real=0.01 secs] 
2020-10-27T21:48:22.674+0800: [GC (Allocation Failure) 2020-10-27T21:48:22.674+0800: [ParNew: 78120K->8702K(78656K), 0.0097582 secs] 162304K->115577K(253440K), 0.0098115 secs] [Times: user=0.00 sys=0.00, real=0.01 secs] 
2020-10-27T21:48:22.684+0800: [GC (CMS Initial Mark) [1 CMS-initial-mark: 106875K(174784K)] 116231K(253440K), 0.0001491 secs] [Times: user=0.00 sys=0.00, real=0.00 secs] 
2020-10-27T21:48:22.684+0800: [CMS-concurrent-mark-start]
2020-10-27T21:48:22.687+0800: [CMS-concurrent-mark: 0.003/0.003 secs] [Times: user=0.01 sys=0.02, real=0.00 secs] 
2020-10-27T21:48:22.688+0800: [CMS-concurrent-preclean-start]
2020-10-27T21:48:22.688+0800: [CMS-concurrent-preclean: 0.000/0.000 secs] [Times: user=0.00 sys=0.00, real=0.00 secs] 
2020-10-27T21:48:22.688+0800: [CMS-concurrent-abortable-preclean-start]
2020-10-27T21:48:22.696+0800: [GC (Allocation Failure) 2020-10-27T21:48:22.696+0800: [ParNew: 78478K->8703K(78656K), 0.0090035 secs] 185353K->138079K(253440K), 0.0090490 secs] [Times: user=0.00 sys=0.03, real=0.01 secs] 
2020-10-27T21:48:22.714+0800: [GC (Allocation Failure) 2020-10-27T21:48:22.715+0800: [ParNew: 78558K->8700K(78656K), 0.0110459 secs] 207933K->163880K(253440K), 0.0110951 secs] [Times: user=0.03 sys=0.02, real=0.01 secs] 
2020-10-27T21:48:22.735+0800: [GC (Allocation Failure) 2020-10-27T21:48:22.735+0800: [ParNew: 78652K->8701K(78656K), 0.0123939 secs] 233832K->192682K(263216K), 0.0124442 secs] [Times: user=0.00 sys=0.00, real=0.01 secs] 
2020-10-27T21:48:22.758+0800: [GC (Allocation Failure) 2020-10-27T21:48:22.758+0800: [ParNew: 78653K->8701K(78656K), 0.0106273 secs] 262634K->218017K(288460K), 0.0106736 secs] [Times: user=0.05 sys=0.01, real=0.01 secs] 
2020-10-27T21:48:22.778+0800: [GC (Allocation Failure) 2020-10-27T21:48:22.778+0800: [ParNew: 78225K->8702K(78656K), 0.0101441 secs] 287541K->241454K(312036K), 0.0101904 secs] [Times: user=0.06 sys=0.00, real=0.01 secs] 
2020-10-27T21:48:22.799+0800: [GC (Allocation Failure) 2020-10-27T21:48:22.799+0800: [ParNew: 78654K->8701K(78656K), 0.0112053 secs] 311406K->266218K(336784K), 0.0112574 secs] [Times: user=0.00 sys=0.00, real=0.01 secs] 
2020-10-27T21:48:22.821+0800: [GC (Allocation Failure) 2020-10-27T21:48:22.821+0800: [ParNew: 78550K->8702K(78656K), 0.0085980 secs] 336067K->286142K(356604K), 0.0086458 secs] [Times: user=0.05 sys=0.02, real=0.01 secs] 
2020-10-27T21:48:22.840+0800: [GC (Allocation Failure) 2020-10-27T21:48:22.840+0800: [ParNew: 78654K->8700K(78656K), 0.0092611 secs] 356094K->307434K(377940K), 0.0093128 secs] [Times: user=0.06 sys=0.00, real=0.01 secs] 
2020-10-27T21:48:22.860+0800: [GC (Allocation Failure) 2020-10-27T21:48:22.860+0800: [ParNew: 78652K->8702K(78656K), 0.0094813 secs] 377386K->327777K(398228K), 0.0095333 secs] [Times: user=0.00 sys=0.00, real=0.01 secs] 
2020-10-27T21:48:22.880+0800: [GC (Allocation Failure) 2020-10-27T21:48:22.880+0800: [ParNew: 78140K->8701K(78656K), 0.0083130 secs] 397215K->347084K(417648K), 0.0083613 secs] [Times: user=0.00 sys=0.00, real=0.01 secs] 
2020-10-27T21:48:22.889+0800: [CMS-concurrent-abortable-preclean: 0.008/0.202 secs] [Times: user=0.34 sys=0.08, real=0.20 secs] 
2020-10-27T21:48:22.889+0800: [GC (CMS Final Remark) [YG occupancy: 15427 K (78656 K)]2020-10-27T21:48:22.889+0800: [Rescan (parallel) , 0.0001686 secs]2020-10-27T21:48:22.889+0800: [weak refs processing, 0.0000192 secs]2020-10-27T21:48:22.890+0800: [class unloading, 0.0001960 secs]2020-10-27T21:48:22.890+0800: [scrub symbol table, 0.0004040 secs]2020-10-27T21:48:22.890+0800: [scrub string table, 0.0001042 secs][1 CMS-remark: 338382K(338992K)] 353810K(417648K), 0.0009710 secs] [Times: user=0.00 sys=0.00, real=0.00 secs] 
2020-10-27T21:48:22.890+0800: [CMS-concurrent-sweep-start]
2020-10-27T21:48:22.891+0800: [CMS-concurrent-sweep: 0.000/0.000 secs] [Times: user=0.03 sys=0.00, real=0.00 secs] 
2020-10-27T21:48:22.891+0800: [CMS-concurrent-reset-start]
2020-10-27T21:48:22.891+0800: [CMS-concurrent-reset: 0.000/0.000 secs] [Times: user=0.00 sys=0.00, real=0.00 secs] 
2020-10-27T21:48:22.899+0800: [GC (Allocation Failure) 2020-10-27T21:48:22.899+0800: [ParNew: 78653K->78653K(78656K), 0.0000293 secs]2020-10-27T21:48:22.899+0800: [CMS: 329730K->240640K(349568K), 0.0383472 secs] 408383K->240640K(428224K), [Metaspace: 2697K->2697K(1056768K)], 0.0387273 secs] [Times: user=0.05 sys=0.00, real=0.04 secs] 
2020-10-27T21:48:22.938+0800: [GC (CMS Initial Mark) [1 CMS-initial-mark: 240640K(349568K)] 240690K(506816K), 0.0001111 secs] [Times: user=0.00 sys=0.00, real=0.00 secs] 
2020-10-27T21:48:22.938+0800: [CMS-concurrent-mark-start]
2020-10-27T21:48:22.940+0800: [CMS-concurrent-mark: 0.002/0.002 secs] [Times: user=0.00 sys=0.00, real=0.00 secs] 
2020-10-27T21:48:22.940+0800: [CMS-concurrent-preclean-start]
2020-10-27T21:48:22.941+0800: [CMS-concurrent-preclean: 0.000/0.000 secs] [Times: user=0.00 sys=0.00, real=0.00 secs] 
2020-10-27T21:48:22.941+0800: [CMS-concurrent-abortable-preclean-start]
2020-10-27T21:48:22.972+0800: [GC (Allocation Failure) 2020-10-27T21:48:22.972+0800: [ParNew: 139776K->17471K(157248K), 0.0102378 secs] 380416K->285499K(506816K), 0.0102840 secs] [Times: user=0.00 sys=0.00, real=0.01 secs] 
2020-10-27T21:48:23.003+0800: [GC (Allocation Failure) 2020-10-27T21:48:23.003+0800: [ParNew: 157247K->17470K(157248K), 0.0123463 secs] 425275K->327689K(506816K), 0.0123955 secs] [Times: user=0.06 sys=0.00, real=0.01 secs] 
2020-10-27T21:48:23.034+0800: [GC (Allocation Failure) 2020-10-27T21:48:23.034+0800: [ParNew: 157246K->157246K(157248K), 0.0000297 secs]2020-10-27T21:48:23.034+0800: [CMS2020-10-27T21:48:23.034+0800: [CMS-concurrent-abortable-preclean: 0.003/0.093 secs] [Times: user=0.13 sys=0.01, real=0.09 secs] 
 (concurrent mode failure): 310218K->285705K(349568K), 0.0448706 secs] 467465K->285705K(506816K), [Metaspace: 2697K->2697K(1056768K)], 0.0449759 secs] [Times: user=0.05 sys=0.00, real=0.05 secs] 
2020-10-27T21:48:23.098+0800: [GC (Allocation Failure) 2020-10-27T21:48:23.098+0800: [ParNew: 139776K->17468K(157248K), 0.0096621 secs] 425481K->336617K(506816K), 0.0097081 secs] [Times: user=0.00 sys=0.00, real=0.01 secs] 
2020-10-27T21:48:23.108+0800: [GC (CMS Initial Mark) [1 CMS-initial-mark: 319149K(349568K)] 337398K(506816K), 0.0001065 secs] [Times: user=0.00 sys=0.00, real=0.00 secs] 
2020-10-27T21:48:23.108+0800: [CMS-concurrent-mark-start]
2020-10-27T21:48:23.110+0800: [CMS-concurrent-mark: 0.002/0.002 secs] [Times: user=0.03 sys=0.00, real=0.00 secs] 
2020-10-27T21:48:23.110+0800: [CMS-concurrent-preclean-start]
2020-10-27T21:48:23.110+0800: [CMS-concurrent-preclean: 0.000/0.000 secs] [Times: user=0.00 sys=0.00, real=0.00 secs] 
2020-10-27T21:48:23.110+0800: [CMS-concurrent-abortable-preclean-start]
2020-10-27T21:48:23.110+0800: [CMS-concurrent-abortable-preclean: 0.000/0.000 secs] [Times: user=0.00 sys=0.00, real=0.00 secs] 
2020-10-27T21:48:23.110+0800: [GC (CMS Final Remark) [YG occupancy: 38247 K (157248 K)]2020-10-27T21:48:23.110+0800: [Rescan (parallel) , 0.0001904 secs]2020-10-27T21:48:23.110+0800: [weak refs processing, 0.0000237 secs]2020-10-27T21:48:23.110+0800: [class unloading, 0.0002245 secs]2020-10-27T21:48:23.111+0800: [scrub symbol table, 0.0004859 secs]2020-10-27T21:48:23.111+0800: [scrub string table, 0.0001209 secs][1 CMS-remark: 319149K(349568K)] 357397K(506816K), 0.0011269 secs] [Times: user=0.00 sys=0.00, real=0.00 secs] 
2020-10-27T21:48:23.111+0800: [CMS-concurrent-sweep-start]
2020-10-27T21:48:23.112+0800: [CMS-concurrent-sweep: 0.000/0.000 secs] [Times: user=0.00 sys=0.00, real=0.00 secs] 
2020-10-27T21:48:23.112+0800: [CMS-concurrent-reset-start]
2020-10-27T21:48:23.112+0800: [CMS-concurrent-reset: 0.000/0.000 secs] [Times: user=0.00 sys=0.00, real=0.00 secs] 
2020-10-27T21:48:23.127+0800: [GC (Allocation Failure) 2020-10-27T21:48:23.127+0800: [ParNew: 156838K->17470K(157248K), 0.0104021 secs] 439851K->347115K(506816K), 0.0104521 secs] [Times: user=0.00 sys=0.00, real=0.01 secs] 
2020-10-27T21:48:23.137+0800: [GC (CMS Initial Mark) [1 CMS-initial-mark: 329645K(349568K)] 347571K(506816K), 0.0001254 secs] [Times: user=0.00 sys=0.00, real=0.00 secs] 
2020-10-27T21:48:23.137+0800: [CMS-concurrent-mark-start]
2020-10-27T21:48:23.139+0800: [CMS-concurrent-mark: 0.002/0.002 secs] [Times: user=0.00 sys=0.00, real=0.00 secs] 
2020-10-27T21:48:23.139+0800: [CMS-concurrent-preclean-start]
2020-10-27T21:48:23.140+0800: [CMS-concurrent-preclean: 0.000/0.000 secs] [Times: user=0.00 sys=0.00, real=0.00 secs] 
2020-10-27T21:48:23.140+0800: [CMS-concurrent-abortable-preclean-start]
2020-10-27T21:48:23.140+0800: [CMS-concurrent-abortable-preclean: 0.000/0.000 secs] [Times: user=0.00 sys=0.00, real=0.00 secs] 
2020-10-27T21:48:23.140+0800: [GC (CMS Final Remark) [YG occupancy: 36755 K (157248 K)]2020-10-27T21:48:23.140+0800: [Rescan (parallel) , 0.0001987 secs]2020-10-27T21:48:23.140+0800: [weak refs processing, 0.0000124 secs]2020-10-27T21:48:23.140+0800: [class unloading, 0.0001883 secs]2020-10-27T21:48:23.140+0800: [scrub symbol table, 0.0004139 secs]2020-10-27T21:48:23.141+0800: [scrub string table, 0.0001061 secs][1 CMS-remark: 329645K(349568K)] 366400K(506816K), 0.0009870 secs] [Times: user=0.02 sys=0.00, real=0.00 secs] 
2020-10-27T21:48:23.141+0800: [CMS-concurrent-sweep-start]
2020-10-27T21:48:23.142+0800: [CMS-concurrent-sweep: 0.001/0.001 secs] [Times: user=0.00 sys=0.00, real=0.00 secs] 
2020-10-27T21:48:23.142+0800: [CMS-concurrent-reset-start]
2020-10-27T21:48:23.142+0800: [CMS-concurrent-reset: 0.000/0.000 secs] [Times: user=0.00 sys=0.00, real=0.00 secs] 
2020-10-27T21:48:23.158+0800: [GC (Allocation Failure) 2020-10-27T21:48:23.158+0800: [ParNew: 157246K->157246K(157248K), 0.0000256 secs]2020-10-27T21:48:23.158+0800: [CMS: 301249K->320952K(349568K), 0.0518184 secs] 458496K->320952K(506816K), [Metaspace: 2697K->2697K(1056768K)], 0.0519121 secs] [Times: user=0.05 sys=0.00, real=0.05 secs] 
2020-10-27T21:48:23.210+0800: [GC (CMS Initial Mark) [1 CMS-initial-mark: 320952K(349568K)] 321710K(506816K), 0.0000902 secs] [Times: user=0.00 sys=0.00, real=0.00 secs] 
2020-10-27T21:48:23.210+0800: [CMS-concurrent-mark-start]
2020-10-27T21:48:23.212+0800: [CMS-concurrent-mark: 0.002/0.002 secs] [Times: user=0.00 sys=0.00, real=0.00 secs] 
2020-10-27T21:48:23.212+0800: [CMS-concurrent-preclean-start]
2020-10-27T21:48:23.213+0800: [CMS-concurrent-preclean: 0.001/0.001 secs] [Times: user=0.00 sys=0.00, real=0.00 secs] 
2020-10-27T21:48:23.213+0800: [CMS-concurrent-abortable-preclean-start]
2020-10-27T21:48:23.230+0800: [GC (Allocation Failure) 2020-10-27T21:48:23.230+0800: [ParNew: 139663K->139663K(157248K), 0.0000250 secs]2020-10-27T21:48:23.230+0800: [CMS2020-10-27T21:48:23.230+0800: [CMS-concurrent-abortable-preclean: 0.000/0.018 secs] [Times: user=0.01 sys=0.00, real=0.02 secs] 
 (concurrent mode failure): 320952K->319827K(349568K), 0.0485713 secs] 460615K->319827K(506816K), [Metaspace: 3115K->3115K(1056768K)], 0.0486646 secs] [Times: user=0.05 sys=0.00, real=0.05 secs] 
2020-10-27T21:48:23.301+0800: [GC (Allocation Failure) 2020-10-27T21:48:23.301+0800: [ParNew: 139776K->139776K(157248K), 0.0000292 secs]2020-10-27T21:48:23.301+0800: [CMS: 319827K->319197K(349568K), 0.0505845 secs] 459603K->319197K(506816K), [Metaspace: 3252K->3252K(1056768K)], 0.0506879 secs] [Times: user=0.05 sys=0.00, real=0.05 secs] 
2020-10-27T21:48:23.352+0800: [GC (CMS Initial Mark) [1 CMS-initial-mark: 319197K(349568K)] 319477K(506816K), 0.0001132 secs] [Times: user=0.00 sys=0.00, real=0.00 secs] 
2020-10-27T21:48:23.352+0800: [CMS-concurrent-mark-start]
2020-10-27T21:48:23.354+0800: [CMS-concurrent-mark: 0.002/0.002 secs] [Times: user=0.00 sys=0.00, real=0.00 secs] 
2020-10-27T21:48:23.354+0800: [CMS-concurrent-preclean-start]
2020-10-27T21:48:23.355+0800: [CMS-concurrent-preclean: 0.000/0.000 secs] [Times: user=0.00 sys=0.00, real=0.00 secs] 
2020-10-27T21:48:23.355+0800: [CMS-concurrent-abortable-preclean-start]
2020-10-27T21:48:23.373+0800: [GC (Allocation Failure) 2020-10-27T21:48:23.373+0800: [ParNew: 139776K->139776K(157248K), 0.0000267 secs]2020-10-27T21:48:23.373+0800: [CMS2020-10-27T21:48:23.373+0800: [CMS-concurrent-abortable-preclean: 0.000/0.018 secs] [Times: user=0.02 sys=0.00, real=0.02 secs] 
 (concurrent mode failure): 319197K->324720K(349568K), 0.0520375 secs] 458973K->324720K(506816K), [Metaspace: 3252K->3252K(1056768K)], 0.0521473 secs] [Times: user=0.06 sys=0.00, real=0.05 secs] 
2020-10-27T21:48:23.447+0800: [GC (Allocation Failure) 2020-10-27T21:48:23.447+0800: [ParNew: 139776K->139776K(157248K), 0.0000267 secs]2020-10-27T21:48:23.447+0800: [CMS: 324720K->329724K(349568K), 0.0507885 secs] 464496K->329724K(506816K), [Metaspace: 3252K->3252K(1056768K)], 0.0508838 secs] [Times: user=0.05 sys=0.00, real=0.05 secs] 
2020-10-27T21:48:23.498+0800: [GC (CMS Initial Mark) [1 CMS-initial-mark: 329724K(349568K)] 329868K(506816K), 0.0001300 secs] [Times: user=0.00 sys=0.00, real=0.00 secs] 
2020-10-27T21:48:23.498+0800: [CMS-concurrent-mark-start]
执行结束!共生成对象次数:9444
Heap
 par new generation   total 157248K, used 5693K [0x00000000e0000000, 0x00000000eaaa0000, 0x00000000eaaa0000)
  eden space 139776K,   4% used [0x00000000e0000000, 0x00000000e058f710, 0x00000000e8880000)
  from space 17472K,   0% used [0x00000000e8880000, 0x00000000e8880000, 0x00000000e9990000)
  to   space 17472K,   0% used [0x00000000e9990000, 0x00000000e9990000, 0x00000000eaaa0000)
 concurrent mark-sweep generation total 349568K, used 329724K [0x00000000eaaa0000, 0x0000000100000000, 0x0000000100000000)
 Metaspace       used 3258K, capacity 4486K, committed 4864K, reserved 1056768K
  class space    used 362K, capacity 386K, committed 512K, reserved 1048576K
</pre>
4. G1: -Xmx512m  -XX:+UseG1GC -XX:MaxGCPauseMillis=50 -XX:+PrintGCDetails -XX:+PrintGCDateStamps
(日志过长，仅截取一段)
<pre>
2020-10-27T21:54:25.591+0800: [GC pause (G1 Humongous Allocation) (young) (initial-mark), 0.0010674 secs]
   [Parallel Time: 0.8 ms, GC Workers: 4]
      [GC Worker Start (ms): Min: 773.8, Avg: 773.9, Max: 773.9, Diff: 0.0]
      [Ext Root Scanning (ms): Min: 0.1, Avg: 0.3, Max: 0.7, Diff: 0.6, Sum: 1.1]
      [Update RS (ms): Min: 0.0, Avg: 0.2, Max: 0.3, Diff: 0.3, Sum: 0.6]
         [Processed Buffers: Min: 0, Avg: 1.3, Max: 2, Diff: 2, Sum: 5]
      [Scan RS (ms): Min: 0.0, Avg: 0.0, Max: 0.0, Diff: 0.0, Sum: 0.0]
      [Code Root Scanning (ms): Min: 0.0, Avg: 0.0, Max: 0.0, Diff: 0.0, Sum: 0.0]
      [Object Copy (ms): Min: 0.0, Avg: 0.3, Max: 0.5, Diff: 0.5, Sum: 1.2]
      [Termination (ms): Min: 0.0, Avg: 0.0, Max: 0.0, Diff: 0.0, Sum: 0.1]
         [Termination Attempts: Min: 1, Avg: 1.0, Max: 1, Diff: 0, Sum: 4]
      [GC Worker Other (ms): Min: 0.0, Avg: 0.0, Max: 0.0, Diff: 0.0, Sum: 0.0]
      [GC Worker Total (ms): Min: 0.8, Avg: 0.8, Max: 0.8, Diff: 0.0, Sum: 3.1]
      [GC Worker End (ms): Min: 774.6, Avg: 774.6, Max: 774.6, Diff: 0.0]
   [Code Root Fixup: 0.0 ms]
   [Code Root Purge: 0.0 ms]
   [Clear CT: 0.0 ms]
   [Other: 0.2 ms]
      [Choose CSet: 0.0 ms]
      [Ref Proc: 0.0 ms]
      [Ref Enq: 0.0 ms]
      [Redirty Cards: 0.0 ms]
      [Humongous Register: 0.1 ms]
      [Humongous Reclaim: 0.0 ms]
      [Free CSet: 0.0 ms]
   [Eden: 2048.0K(38.0M)->0.0B(39.0M) Survivors: 4096.0K->1024.0K Heap: 355.9M(512.0M)->354.3M(512.0M)]
 [Times: user=0.00 sys=0.00, real=0.00 secs] 
2020-10-27T21:54:25.592+0800: [GC concurrent-root-region-scan-start]
2020-10-27T21:54:25.592+0800: [GC concurrent-root-region-scan-end, 0.0000290 secs]
2020-10-27T21:54:25.592+0800: [GC concurrent-mark-start]
2020-10-27T21:54:25.595+0800: [GC concurrent-mark-end, 0.0032800 secs]
2020-10-27T21:54:25.595+0800: [GC remark 2020-10-27T21:54:25.595+0800: [Finalize Marking, 0.0000510 secs] 2020-10-27T21:54:25.596+0800: [GC ref-proc, 0.0000680 secs] 2020-10-27T21:54:25.596+0800: [Unloading, 0.0004474 secs], 0.0014499 secs]
 [Times: user=0.00 sys=0.00, real=0.00 secs] 
2020-10-27T21:54:25.597+0800: [GC cleanup 379M->379M(512M), 0.0003492 secs]
 [Times: user=0.00 sys=0.00, real=0.00 secs] 
2020-10-27T21:54:25.601+0800: [GC pause (G1 Evacuation Pause) (young), 0.0030625 secs]
   [Parallel Time: 2.7 ms, GC Workers: 4]
      [GC Worker Start (ms): Min: 784.3, Avg: 784.3, Max: 784.3, Diff: 0.0]
      [Ext Root Scanning (ms): Min: 0.1, Avg: 0.1, Max: 0.1, Diff: 0.0, Sum: 0.6]
      [Update RS (ms): Min: 0.7, Avg: 0.7, Max: 0.8, Diff: 0.0, Sum: 3.0]
         [Processed Buffers: Min: 16, Avg: 16.3, Max: 17, Diff: 1, Sum: 65]
      [Scan RS (ms): Min: 0.0, Avg: 0.0, Max: 0.0, Diff: 0.0, Sum: 0.0]
      [Code Root Scanning (ms): Min: 0.0, Avg: 0.0, Max: 0.0, Diff: 0.0, Sum: 0.0]
      [Object Copy (ms): Min: 1.7, Avg: 1.8, Max: 1.8, Diff: 0.1, Sum: 7.1]
      [Termination (ms): Min: 0.0, Avg: 0.0, Max: 0.1, Diff: 0.1, Sum: 0.2]
         [Termination Attempts: Min: 1, Avg: 1.0, Max: 1, Diff: 0, Sum: 4]
      [GC Worker Other (ms): Min: 0.0, Avg: 0.0, Max: 0.0, Diff: 0.0, Sum: 0.0]
      [GC Worker Total (ms): Min: 2.7, Avg: 2.7, Max: 2.7, Diff: 0.0, Sum: 10.8]
      [GC Worker End (ms): Min: 787.0, Avg: 787.0, Max: 787.0, Diff: 0.0]
   [Code Root Fixup: 0.0 ms]
   [Code Root Purge: 0.0 ms]
   [Clear CT: 0.0 ms]
   [Other: 0.3 ms]
      [Choose CSet: 0.0 ms]
      [Ref Proc: 0.0 ms]
      [Ref Enq: 0.0 ms]
      [Redirty Cards: 0.0 ms]
      [Humongous Register: 0.1 ms]
      [Humongous Reclaim: 0.0 ms]
      [Free CSet: 0.0 ms]
   [Eden: 39.0M(39.0M)->0.0B(20.0M) Survivors: 1024.0K->5120.0K Heap: 400.9M(512.0M)->365.3M(512.0M)]
 [Times: user=0.00 sys=0.00, real=0.00 secs] 
2020-10-27T21:54:25.609+0800: [GC pause (G1 Evacuation Pause) (mixed), 0.0053853 secs]
   [Parallel Time: 5.0 ms, GC Workers: 4]
      [GC Worker Start (ms): Min: 792.0, Avg: 792.4, Max: 793.7, Diff: 1.7]
      [Ext Root Scanning (ms): Min: 0.0, Avg: 0.1, Max: 0.2, Diff: 0.2, Sum: 0.5]
      [Update RS (ms): Min: 0.0, Avg: 0.3, Max: 0.5, Diff: 0.5, Sum: 1.3]
         [Processed Buffers: Min: 0, Avg: 7.5, Max: 10, Diff: 10, Sum: 30]
      [Scan RS (ms): Min: 0.0, Avg: 0.1, Max: 0.1, Diff: 0.1, Sum: 0.4]
      [Code Root Scanning (ms): Min: 0.0, Avg: 0.0, Max: 0.0, Diff: 0.0, Sum: 0.0]
      [Object Copy (ms): Min: 3.0, Avg: 3.8, Max: 4.1, Diff: 1.0, Sum: 15.2]
      [Termination (ms): Min: 0.0, Avg: 0.1, Max: 0.2, Diff: 0.2, Sum: 0.3]
         [Termination Attempts: Min: 1, Avg: 1.0, Max: 1, Diff: 0, Sum: 4]
      [GC Worker Other (ms): Min: 0.0, Avg: 0.0, Max: 0.0, Diff: 0.0, Sum: 0.1]
      [GC Worker Total (ms): Min: 3.1, Avg: 4.4, Max: 5.0, Diff: 1.9, Sum: 17.8]
      [GC Worker End (ms): Min: 796.8, Avg: 796.8, Max: 796.9, Diff: 0.2]
   [Code Root Fixup: 0.0 ms]
   [Code Root Purge: 0.0 ms]
   [Clear CT: 0.0 ms]
   [Other: 0.3 ms]
      [Choose CSet: 0.0 ms]
      [Ref Proc: 0.1 ms]
      [Ref Enq: 0.0 ms]
      [Redirty Cards: 0.0 ms]
      [Humongous Register: 0.1 ms]
      [Humongous Reclaim: 0.0 ms]
      [Free CSet: 0.1 ms]
   [Eden: 20.0M(20.0M)->0.0B(39.0M) Survivors: 5120.0K->4096.0K Heap: 388.4M(512.0M)->356.0M(512.0M)]
 [Times: user=0.05 sys=0.00, real=0.01 secs] 
2020-10-27T21:54:25.615+0800: [GC pause (G1 Humongous Allocation) (young) (initial-mark), 0.0011561 secs]
   [Parallel Time: 0.7 ms, GC Workers: 4]
      [GC Worker Start (ms): Min: 798.4, Avg: 798.4, Max: 798.4, Diff: 0.0]
      [Ext Root Scanning (ms): Min: 0.1, Avg: 0.1, Max: 0.2, Diff: 0.0, Sum: 0.6]
      [Update RS (ms): Min: 0.1, Avg: 0.2, Max: 0.3, Diff: 0.3, Sum: 0.8]
         [Processed Buffers: Min: 1, Avg: 1.3, Max: 2, Diff: 1, Sum: 5]
      [Scan RS (ms): Min: 0.0, Avg: 0.0, Max: 0.0, Diff: 0.0, Sum: 0.0]
      [Code Root Scanning (ms): Min: 0.0, Avg: 0.0, Max: 0.0, Diff: 0.0, Sum: 0.0]
      [Object Copy (ms): Min: 0.2, Avg: 0.3, Max: 0.4, Diff: 0.2, Sum: 1.2]
      [Termination (ms): Min: 0.0, Avg: 0.0, Max: 0.1, Diff: 0.1, Sum: 0.2]
         [Termination Attempts: Min: 1, Avg: 1.0, Max: 1, Diff: 0, Sum: 4]
      [GC Worker Other (ms): Min: 0.0, Avg: 0.0, Max: 0.0, Diff: 0.0, Sum: 0.0]
      [GC Worker Total (ms): Min: 0.7, Avg: 0.7, Max: 0.7, Diff: 0.0, Sum: 2.8]
      [GC Worker End (ms): Min: 799.1, Avg: 799.1, Max: 799.1, Diff: 0.0]
   [Code Root Fixup: 0.0 ms]
   [Code Root Purge: 0.0 ms]
   [Clear CT: 0.0 ms]
   [Other: 0.4 ms]
      [Choose CSet: 0.0 ms]
      [Ref Proc: 0.2 ms]
      [Ref Enq: 0.0 ms]
      [Redirty Cards: 0.0 ms]
      [Humongous Register: 0.1 ms]
      [Humongous Reclaim: 0.0 ms]
      [Free CSet: 0.0 ms]
   [Eden: 2048.0K(39.0M)->0.0B(39.0M) Survivors: 4096.0K->1024.0K Heap: 357.2M(512.0M)->356.0M(512.0M)]
 [Times: user=0.00 sys=0.00, real=0.00 secs] 
2020-10-27T21:54:25.617+0800: [GC concurrent-root-region-scan-start]
2020-10-27T21:54:25.617+0800: [GC concurrent-root-region-scan-end, 0.0000931 secs]
2020-10-27T21:54:25.617+0800: [GC concurrent-mark-start]
2020-10-27T21:54:25.620+0800: [GC concurrent-mark-end, 0.0029308 secs]
2020-10-27T21:54:25.620+0800: [GC remark 2020-10-27T21:54:25.620+0800: [Finalize Marking, 0.0000559 secs] 2020-10-27T21:54:25.620+0800: [GC ref-proc, 0.0000692 secs] 2020-10-27T21:54:25.620+0800: [Unloading, 0.0004405 secs], 0.0012812 secs]
 [Times: user=0.00 sys=0.00, real=0.00 secs] 
2020-10-27T21:54:25.621+0800: [GC cleanup 375M->375M(512M), 0.0002939 secs]
 [Times: user=0.00 sys=0.00, real=0.00 secs] 
2020-10-27T21:54:25.626+0800: [GC pause (G1 Evacuation Pause) (young), 0.0031000 secs]
   [Parallel Time: 2.6 ms, GC Workers: 4]
      [GC Worker Start (ms): Min: 809.4, Avg: 809.4, Max: 809.4, Diff: 0.0]
      [Ext Root Scanning (ms): Min: 0.1, Avg: 0.1, Max: 0.2, Diff: 0.0, Sum: 0.6]
      [Update RS (ms): Min: 0.8, Avg: 0.8, Max: 0.8, Diff: 0.0, Sum: 3.2]
         [Processed Buffers: Min: 17, Avg: 17.8, Max: 19, Diff: 2, Sum: 71]
      [Scan RS (ms): Min: 0.0, Avg: 0.0, Max: 0.0, Diff: 0.0, Sum: 0.0]
      [Code Root Scanning (ms): Min: 0.0, Avg: 0.0, Max: 0.0, Diff: 0.0, Sum: 0.0]
      [Object Copy (ms): Min: 1.6, Avg: 1.6, Max: 1.6, Diff: 0.0, Sum: 6.3]
      [Termination (ms): Min: 0.0, Avg: 0.0, Max: 0.0, Diff: 0.0, Sum: 0.1]
         [Termination Attempts: Min: 1, Avg: 1.3, Max: 2, Diff: 1, Sum: 5]
      [GC Worker Other (ms): Min: 0.0, Avg: 0.0, Max: 0.0, Diff: 0.0, Sum: 0.0]
      [GC Worker Total (ms): Min: 2.6, Avg: 2.6, Max: 2.6, Diff: 0.0, Sum: 10.3]
      [GC Worker End (ms): Min: 812.0, Avg: 812.0, Max: 812.0, Diff: 0.0]
   [Code Root Fixup: 0.0 ms]
   [Code Root Purge: 0.0 ms]
   [Clear CT: 0.0 ms]
   [Other: 0.5 ms]
      [Choose CSet: 0.0 ms]
      [Ref Proc: 0.1 ms]
      [Ref Enq: 0.0 ms]
      [Redirty Cards: 0.0 ms]
      [Humongous Register: 0.1 ms]
      [Humongous Reclaim: 0.0 ms]
      [Free CSet: 0.0 ms]
   [Eden: 39.0M(39.0M)->0.0B(20.0M) Survivors: 1024.0K->5120.0K Heap: 403.1M(512.0M)->366.1M(512.0M)]
 [Times: user=0.00 sys=0.00, real=0.00 secs] 
2020-10-27T21:54:25.633+0800: [GC pause (G1 Evacuation Pause) (mixed), 0.0060636 secs]
   [Parallel Time: 5.5 ms, GC Workers: 4]
      [GC Worker Start (ms): Min: 815.9, Avg: 815.9, Max: 815.9, Diff: 0.0]
      [Ext Root Scanning (ms): Min: 0.1, Avg: 0.1, Max: 0.1, Diff: 0.0, Sum: 0.6]
      [Update RS (ms): Min: 0.3, Avg: 0.3, Max: 0.3, Diff: 0.0, Sum: 1.3]
         [Processed Buffers: Min: 6, Avg: 7.0, Max: 8, Diff: 2, Sum: 28]
      [Scan RS (ms): Min: 0.0, Avg: 0.0, Max: 0.1, Diff: 0.0, Sum: 0.2]
      [Code Root Scanning (ms): Min: 0.0, Avg: 0.0, Max: 0.0, Diff: 0.0, Sum: 0.0]
      [Object Copy (ms): Min: 5.0, Avg: 5.0, Max: 5.0, Diff: 0.0, Sum: 19.9]
      [Termination (ms): Min: 0.0, Avg: 0.0, Max: 0.0, Diff: 0.0, Sum: 0.0]
         [Termination Attempts: Min: 1, Avg: 1.0, Max: 1, Diff: 0, Sum: 4]
      [GC Worker Other (ms): Min: 0.0, Avg: 0.0, Max: 0.0, Diff: 0.0, Sum: 0.0]
      [GC Worker Total (ms): Min: 5.5, Avg: 5.5, Max: 5.5, Diff: 0.0, Sum: 22.1]
      [GC Worker End (ms): Min: 821.4, Avg: 821.4, Max: 821.4, Diff: 0.0]
   [Code Root Fixup: 0.0 ms]
   [Code Root Purge: 0.0 ms]
   [Clear CT: 0.0 ms]
   [Other: 0.5 ms]
      [Choose CSet: 0.0 ms]
      [Ref Proc: 0.2 ms]
      [Ref Enq: 0.0 ms]
      [Redirty Cards: 0.0 ms]
      [Humongous Register: 0.1 ms]
      [Humongous Reclaim: 0.0 ms]
      [Free CSet: 0.1 ms]
   [Eden: 20.0M(20.0M)->0.0B(36.0M) Survivors: 5120.0K->4096.0K Heap: 389.1M(512.0M)->359.9M(512.0M)]
 [Times: user=0.00 sys=0.00, real=0.01 secs] 
2020-10-27T21:54:25.639+0800: [GC pause (G1 Humongous Allocation) (young) (initial-mark), 0.0009699 secs]
   [Parallel Time: 0.7 ms, GC Workers: 4]
      [GC Worker Start (ms): Min: 822.2, Avg: 822.2, Max: 822.2, Diff: 0.0]
      [Ext Root Scanning (ms): Min: 0.1, Avg: 0.1, Max: 0.1, Diff: 0.0, Sum: 0.6]
      [Update RS (ms): Min: 0.1, Avg: 0.1, Max: 0.2, Diff: 0.2, Sum: 0.5]
         [Processed Buffers: Min: 1, Avg: 1.3, Max: 2, Diff: 1, Sum: 5]
      [Scan RS (ms): Min: 0.0, Avg: 0.0, Max: 0.0, Diff: 0.0, Sum: 0.0]
      [Code Root Scanning (ms): Min: 0.0, Avg: 0.0, Max: 0.0, Diff: 0.0, Sum: 0.0]
      [Object Copy (ms): Min: 0.3, Avg: 0.4, Max: 0.4, Diff: 0.1, Sum: 1.6]
      [Termination (ms): Min: 0.0, Avg: 0.0, Max: 0.0, Diff: 0.0, Sum: 0.0]
         [Termination Attempts: Min: 1, Avg: 1.0, Max: 1, Diff: 0, Sum: 4]
      [GC Worker Other (ms): Min: 0.0, Avg: 0.0, Max: 0.0, Diff: 0.0, Sum: 0.0]
      [GC Worker Total (ms): Min: 0.7, Avg: 0.7, Max: 0.7, Diff: 0.0, Sum: 2.7]
      [GC Worker End (ms): Min: 822.9, Avg: 822.9, Max: 822.9, Diff: 0.0]
   [Code Root Fixup: 0.0 ms]
   [Code Root Purge: 0.0 ms]
   [Clear CT: 0.0 ms]
   [Other: 0.2 ms]
      [Choose CSet: 0.0 ms]
      [Ref Proc: 0.0 ms]
      [Ref Enq: 0.0 ms]
      [Redirty Cards: 0.0 ms]
      [Humongous Register: 0.1 ms]
      [Humongous Reclaim: 0.0 ms]
      [Free CSet: 0.0 ms]
   [Eden: 1024.0K(36.0M)->0.0B(35.0M) Survivors: 4096.0K->1024.0K Heap: 360.7M(512.0M)->360.0M(512.0M)]
 [Times: user=0.00 sys=0.00, real=0.00 secs] 
2020-10-27T21:54:25.640+0800: [GC concurrent-root-region-scan-start]
2020-10-27T21:54:25.640+0800: [GC concurrent-root-region-scan-end, 0.0000258 secs]
2020-10-27T21:54:25.640+0800: [GC concurrent-mark-start]
2020-10-27T21:54:25.643+0800: [GC concurrent-mark-end, 0.0028472 secs]
2020-10-27T21:54:25.643+0800: [GC remark 2020-10-27T21:54:25.643+0800: [Finalize Marking, 0.0000496 secs] 2020-10-27T21:54:25.643+0800: [GC ref-proc, 0.0000677 secs] 2020-10-27T21:54:25.643+0800: [Unloading, 0.0004392 secs], 0.0012684 secs]
 [Times: user=0.00 sys=0.00, real=0.00 secs] 
2020-10-27T21:54:25.645+0800: [GC cleanup 380M->380M(512M), 0.0003170 secs]
 [Times: user=0.00 sys=0.00, real=0.00 secs] 
2020-10-27T21:54:25.649+0800: [GC pause (G1 Evacuation Pause) (young), 0.0025501 secs]
   [Parallel Time: 2.2 ms, GC Workers: 4]
      [GC Worker Start (ms): Min: 832.4, Avg: 832.4, Max: 832.4, Diff: 0.0]
      [Ext Root Scanning (ms): Min: 0.1, Avg: 0.2, Max: 0.3, Diff: 0.1, Sum: 0.7]
      [Update RS (ms): Min: 0.8, Avg: 0.9, Max: 1.0, Diff: 0.1, Sum: 3.6]
         [Processed Buffers: Min: 18, Avg: 20.0, Max: 21, Diff: 3, Sum: 80]
      [Scan RS (ms): Min: 0.0, Avg: 0.0, Max: 0.0, Diff: 0.0, Sum: 0.0]
      [Code Root Scanning (ms): Min: 0.0, Avg: 0.0, Max: 0.0, Diff: 0.0, Sum: 0.0]
      [Object Copy (ms): Min: 1.1, Avg: 1.1, Max: 1.1, Diff: 0.1, Sum: 4.4]
      [Termination (ms): Min: 0.0, Avg: 0.0, Max: 0.1, Diff: 0.1, Sum: 0.1]
         [Termination Attempts: Min: 1, Avg: 1.0, Max: 1, Diff: 0, Sum: 4]
      [GC Worker Other (ms): Min: 0.0, Avg: 0.0, Max: 0.0, Diff: 0.0, Sum: 0.0]
      [GC Worker Total (ms): Min: 2.2, Avg: 2.2, Max: 2.2, Diff: 0.0, Sum: 8.8]
      [GC Worker End (ms): Min: 834.6, Avg: 834.6, Max: 834.6, Diff: 0.0]
   [Code Root Fixup: 0.0 ms]
   [Code Root Purge: 0.0 ms]
   [Clear CT: 0.0 ms]
   [Other: 0.3 ms]
      [Choose CSet: 0.0 ms]
      [Ref Proc: 0.0 ms]
      [Ref Enq: 0.0 ms]
      [Redirty Cards: 0.0 ms]
      [Humongous Register: 0.1 ms]
      [Humongous Reclaim: 0.0 ms]
      [Free CSet: 0.0 ms]
   [Eden: 35.0M(35.0M)->0.0B(20.0M) Survivors: 1024.0K->5120.0K Heap: 404.4M(512.0M)->369.9M(512.0M)]
 [Times: user=0.00 sys=0.00, real=0.00 secs] 
2020-10-27T21:54:25.656+0800: [GC pause (G1 Evacuation Pause) (mixed), 0.0058616 secs]
   [Parallel Time: 5.4 ms, GC Workers: 4]
      [GC Worker Start (ms): Min: 839.1, Avg: 839.1, Max: 839.3, Diff: 0.2]
      [Ext Root Scanning (ms): Min: 0.1, Avg: 0.2, Max: 0.3, Diff: 0.2, Sum: 1.0]
      [Update RS (ms): Min: 0.4, Avg: 0.4, Max: 0.4, Diff: 0.0, Sum: 1.5]
         [Processed Buffers: Min: 6, Avg: 7.8, Max: 9, Diff: 3, Sum: 31]
      [Scan RS (ms): Min: 0.0, Avg: 0.0, Max: 0.1, Diff: 0.0, Sum: 0.1]
      [Code Root Scanning (ms): Min: 0.0, Avg: 0.0, Max: 0.0, Diff: 0.0, Sum: 0.0]
      [Object Copy (ms): Min: 4.6, Avg: 4.7, Max: 4.7, Diff: 0.0, Sum: 18.7]
      [Termination (ms): Min: 0.0, Avg: 0.0, Max: 0.1, Diff: 0.1, Sum: 0.1]
         [Termination Attempts: Min: 1, Avg: 1.0, Max: 1, Diff: 0, Sum: 4]
      [GC Worker Other (ms): Min: 0.0, Avg: 0.0, Max: 0.0, Diff: 0.0, Sum: 0.0]
      [GC Worker Total (ms): Min: 5.2, Avg: 5.4, Max: 5.4, Diff: 0.2, Sum: 21.4]
      [GC Worker End (ms): Min: 844.5, Avg: 844.5, Max: 844.5, Diff: 0.0]
   [Code Root Fixup: 0.0 ms]
   [Code Root Purge: 0.0 ms]
   [Clear CT: 0.1 ms]
   [Other: 0.4 ms]
      [Choose CSet: 0.0 ms]
      [Ref Proc: 0.1 ms]
      [Ref Enq: 0.0 ms]
      [Redirty Cards: 0.0 ms]
      [Humongous Register: 0.1 ms]
      [Humongous Reclaim: 0.0 ms]
      [Free CSet: 0.1 ms]
   [Eden: 20.0M(20.0M)->0.0B(34.0M) Survivors: 5120.0K->4096.0K Heap: 393.1M(512.0M)->362.2M(512.0M)]
 [Times: user=0.05 sys=0.00, real=0.01 secs] 
2020-10-27T21:54:25.662+0800: [GC pause (G1 Humongous Allocation) (young) (initial-mark), 0.0010547 secs]
   [Parallel Time: 0.8 ms, GC Workers: 4]
      [GC Worker Start (ms): Min: 845.5, Avg: 845.5, Max: 845.5, Diff: 0.0]
      [Ext Root Scanning (ms): Min: 0.1, Avg: 0.1, Max: 0.2, Diff: 0.0, Sum: 0.6]
      [Update RS (ms): Min: 0.1, Avg: 0.1, Max: 0.1, Diff: 0.0, Sum: 0.4]
         [Processed Buffers: Min: 1, Avg: 1.3, Max: 2, Diff: 1, Sum: 5]
      [Scan RS (ms): Min: 0.0, Avg: 0.0, Max: 0.0, Diff: 0.0, Sum: 0.0]
      [Code Root Scanning (ms): Min: 0.0, Avg: 0.0, Max: 0.0, Diff: 0.0, Sum: 0.0]
      [Object Copy (ms): Min: 0.5, Avg: 0.5, Max: 0.5, Diff: 0.1, Sum: 2.0]
      [Termination (ms): Min: 0.0, Avg: 0.0, Max: 0.1, Diff: 0.1, Sum: 0.1]
         [Termination Attempts: Min: 1, Avg: 1.0, Max: 1, Diff: 0, Sum: 4]
      [GC Worker Other (ms): Min: 0.0, Avg: 0.0, Max: 0.0, Diff: 0.0, Sum: 0.0]
      [GC Worker Total (ms): Min: 0.8, Avg: 0.8, Max: 0.8, Diff: 0.0, Sum: 3.1]
      [GC Worker End (ms): Min: 846.2, Avg: 846.2, Max: 846.2, Diff: 0.0]
   [Code Root Fixup: 0.0 ms]
   [Code Root Purge: 0.0 ms]
   [Clear CT: 0.0 ms]
   [Other: 0.2 ms]
      [Choose CSet: 0.0 ms]
      [Ref Proc: 0.0 ms]
      [Ref Enq: 0.0 ms]
      [Redirty Cards: 0.0 ms]
      [Humongous Register: 0.1 ms]
      [Humongous Reclaim: 0.0 ms]
      [Free CSet: 0.0 ms]
   [Eden: 3072.0K(34.0M)->0.0B(33.0M) Survivors: 4096.0K->2048.0K Heap: 364.6M(512.0M)->362.4M(512.0M)]
 [Times: user=0.00 sys=0.00, real=0.00 secs] 
2020-10-27T21:54:25.664+0800: [GC concurrent-root-region-scan-start]
2020-10-27T21:54:25.664+0800: [GC concurrent-root-region-scan-end, 0.0000288 secs]
2020-10-27T21:54:25.664+0800: [GC concurrent-mark-start]
2020-10-27T21:54:25.667+0800: [GC concurrent-mark-end, 0.0033697 secs]
2020-10-27T21:54:25.667+0800: [GC remark 2020-10-27T21:54:25.667+0800: [Finalize Marking, 0.0000586 secs] 2020-10-27T21:54:25.667+0800: [GC ref-proc, 0.0000772 secs] 2020-10-27T21:54:25.667+0800: [Unloading, 0.0004456 secs], 0.0013167 secs]
 [Times: user=0.00 sys=0.00, real=0.00 secs] 
2020-10-27T21:54:25.668+0800: [GC cleanup 382M->382M(512M), 0.0003308 secs]
 [Times: user=0.00 sys=0.00, real=0.00 secs] 
2020-10-27T21:54:25.672+0800: [GC pause (G1 Evacuation Pause) (young), 0.0025899 secs]
   [Parallel Time: 2.3 ms, GC Workers: 4]
      [GC Worker Start (ms): Min: 855.5, Avg: 855.5, Max: 855.5, Diff: 0.0]
      [Ext Root Scanning (ms): Min: 0.1, Avg: 0.1, Max: 0.1, Diff: 0.0, Sum: 0.6]
      [Update RS (ms): Min: 0.9, Avg: 0.9, Max: 0.9, Diff: 0.0, Sum: 3.7]
         [Processed Buffers: Min: 19, Avg: 20.0, Max: 21, Diff: 2, Sum: 80]
      [Scan RS (ms): Min: 0.0, Avg: 0.0, Max: 0.0, Diff: 0.0, Sum: 0.0]
      [Code Root Scanning (ms): Min: 0.0, Avg: 0.0, Max: 0.0, Diff: 0.0, Sum: 0.0]
      [Object Copy (ms): Min: 1.1, Avg: 1.1, Max: 1.2, Diff: 0.0, Sum: 4.6]
      [Termination (ms): Min: 0.0, Avg: 0.0, Max: 0.0, Diff: 0.0, Sum: 0.1]
         [Termination Attempts: Min: 1, Avg: 1.0, Max: 1, Diff: 0, Sum: 4]
      [GC Worker Other (ms): Min: 0.0, Avg: 0.0, Max: 0.0, Diff: 0.0, Sum: 0.0]
      [GC Worker Total (ms): Min: 2.2, Avg: 2.2, Max: 2.3, Diff: 0.0, Sum: 9.0]
      [GC Worker End (ms): Min: 857.8, Avg: 857.8, Max: 857.8, Diff: 0.0]
   [Code Root Fixup: 0.0 ms]
   [Code Root Purge: 0.0 ms]
   [Clear CT: 0.0 ms]
   [Other: 0.3 ms]
      [Choose CSet: 0.0 ms]
      [Ref Proc: 0.0 ms]
      [Ref Enq: 0.0 ms]
      [Redirty Cards: 0.0 ms]
      [Humongous Register: 0.1 ms]
      [Humongous Reclaim: 0.0 ms]
      [Free CSet: 0.0 ms]
   [Eden: 33.0M(33.0M)->0.0B(20.0M) Survivors: 2048.0K->5120.0K Heap: 404.7M(512.0M)->370.7M(512.0M)]
 [Times: user=0.02 sys=0.00, real=0.00 secs] 
2020-10-27T21:54:25.680+0800: [GC pause (G1 Evacuation Pause) (mixed), 0.0047421 secs]
   [Parallel Time: 4.4 ms, GC Workers: 4]
      [GC Worker Start (ms): Min: 862.8, Avg: 862.8, Max: 862.8, Diff: 0.0]
      [Ext Root Scanning (ms): Min: 0.1, Avg: 0.1, Max: 0.2, Diff: 0.0, Sum: 0.6]
      [Update RS (ms): Min: 1.0, Avg: 1.0, Max: 1.0, Diff: 0.0, Sum: 4.0]
         [Processed Buffers: Min: 21, Avg: 21.5, Max: 23, Diff: 2, Sum: 86]
      [Scan RS (ms): Min: 0.0, Avg: 0.0, Max: 0.0, Diff: 0.0, Sum: 0.1]
      [Code Root Scanning (ms): Min: 0.0, Avg: 0.0, Max: 0.0, Diff: 0.0, Sum: 0.0]
      [Object Copy (ms): Min: 3.1, Avg: 3.2, Max: 3.2, Diff: 0.0, Sum: 12.6]
      [Termination (ms): Min: 0.0, Avg: 0.0, Max: 0.0, Diff: 0.0, Sum: 0.1]
         [Termination Attempts: Min: 1, Avg: 1.0, Max: 1, Diff: 0, Sum: 4]
      [GC Worker Other (ms): Min: 0.0, Avg: 0.0, Max: 0.0, Diff: 0.0, Sum: 0.0]
      [GC Worker Total (ms): Min: 4.3, Avg: 4.4, Max: 4.4, Diff: 0.0, Sum: 17.4]
      [GC Worker End (ms): Min: 867.1, Avg: 867.1, Max: 867.1, Diff: 0.0]
   [Code Root Fixup: 0.0 ms]
   [Code Root Purge: 0.0 ms]
   [Clear CT: 0.0 ms]
   [Other: 0.3 ms]
      [Choose CSet: 0.0 ms]
      [Ref Proc: 0.0 ms]
      [Ref Enq: 0.0 ms]
      [Redirty Cards: 0.0 ms]
      [Humongous Register: 0.1 ms]
      [Humongous Reclaim: 0.0 ms]
      [Free CSet: 0.1 ms]
   [Eden: 20.0M(20.0M)->0.0B(21.0M) Survivors: 5120.0K->4096.0K Heap: 400.7M(512.0M)->369.1M(512.0M)]
 [Times: user=0.00 sys=0.00, real=0.00 secs] 
2020-10-27T21:54:25.688+0800: [GC pause (G1 Evacuation Pause) (mixed), 0.0036068 secs]
   [Parallel Time: 3.3 ms, GC Workers: 4]
      [GC Worker Start (ms): Min: 871.6, Avg: 871.7, Max: 871.7, Diff: 0.0]
      [Ext Root Scanning (ms): Min: 0.1, Avg: 0.1, Max: 0.2, Diff: 0.0, Sum: 0.6]
      [Update RS (ms): Min: 0.5, Avg: 0.5, Max: 0.5, Diff: 0.0, Sum: 2.1]
         [Processed Buffers: Min: 10, Avg: 10.8, Max: 11, Diff: 1, Sum: 43]
      [Scan RS (ms): Min: 0.0, Avg: 0.0, Max: 0.0, Diff: 0.0, Sum: 0.1]
      [Code Root Scanning (ms): Min: 0.0, Avg: 0.0, Max: 0.0, Diff: 0.0, Sum: 0.0]
      [Object Copy (ms): Min: 2.5, Avg: 2.5, Max: 2.6, Diff: 0.1, Sum: 10.1]
      [Termination (ms): Min: 0.0, Avg: 0.0, Max: 0.1, Diff: 0.1, Sum: 0.2]
         [Termination Attempts: Min: 1, Avg: 1.0, Max: 1, Diff: 0, Sum: 4]
      [GC Worker Other (ms): Min: 0.0, Avg: 0.0, Max: 0.0, Diff: 0.0, Sum: 0.0]
      [GC Worker Total (ms): Min: 3.2, Avg: 3.2, Max: 3.3, Diff: 0.0, Sum: 13.0]
      [GC Worker End (ms): Min: 874.9, Avg: 874.9, Max: 874.9, Diff: 0.0]
   [Code Root Fixup: 0.0 ms]
   [Code Root Purge: 0.0 ms]
   [Clear CT: 0.0 ms]
   [Other: 0.3 ms]
      [Choose CSet: 0.0 ms]
      [Ref Proc: 0.0 ms]
      [Ref Enq: 0.0 ms]
      [Redirty Cards: 0.0 ms]
      [Humongous Register: 0.1 ms]
      [Humongous Reclaim: 0.0 ms]
      [Free CSet: 0.0 ms]
   [Eden: 21.0M(21.0M)->0.0B(25.0M) Survivors: 4096.0K->4096.0K Heap: 394.8M(512.0M)->373.5M(512.0M)]
 [Times: user=0.00 sys=0.00, real=0.00 secs] 
2020-10-27T21:54:25.693+0800: [GC pause (G1 Humongous Allocation) (young) (initial-mark), 0.0010298 secs]
   [Parallel Time: 0.8 ms, GC Workers: 4]
      [GC Worker Start (ms): Min: 875.8, Avg: 875.8, Max: 875.8, Diff: 0.0]
      [Ext Root Scanning (ms): Min: 0.1, Avg: 0.1, Max: 0.1, Diff: 0.0, Sum: 0.6]
      [Update RS (ms): Min: 0.0, Avg: 0.1, Max: 0.2, Diff: 0.1, Sum: 0.4]
         [Processed Buffers: Min: 1, Avg: 1.3, Max: 2, Diff: 1, Sum: 5]
      [Scan RS (ms): Min: 0.0, Avg: 0.0, Max: 0.0, Diff: 0.0, Sum: 0.0]
      [Code Root Scanning (ms): Min: 0.0, Avg: 0.0, Max: 0.0, Diff: 0.0, Sum: 0.0]
      [Object Copy (ms): Min: 0.4, Avg: 0.5, Max: 0.5, Diff: 0.1, Sum: 1.9]
      [Termination (ms): Min: 0.0, Avg: 0.0, Max: 0.0, Diff: 0.0, Sum: 0.1]
         [Termination Attempts: Min: 1, Avg: 1.0, Max: 1, Diff: 0, Sum: 4]
      [GC Worker Other (ms): Min: 0.0, Avg: 0.0, Max: 0.0, Diff: 0.0, Sum: 0.0]
      [GC Worker Total (ms): Min: 0.7, Avg: 0.8, Max: 0.8, Diff: 0.0, Sum: 3.0]
      [GC Worker End (ms): Min: 876.6, Avg: 876.6, Max: 876.6, Diff: 0.0]
   [Code Root Fixup: 0.0 ms]
   [Code Root Purge: 0.0 ms]
   [Clear CT: 0.0 ms]
   [Other: 0.2 ms]
      [Choose CSet: 0.0 ms]
      [Ref Proc: 0.0 ms]
      [Ref Enq: 0.0 ms]
      [Redirty Cards: 0.0 ms]
      [Humongous Register: 0.1 ms]
      [Humongous Reclaim: 0.0 ms]
      [Free CSet: 0.0 ms]
   [Eden: 4096.0K(25.0M)->0.0B(24.0M) Survivors: 4096.0K->1024.0K Heap: 376.7M(512.0M)->374.0M(512.0M)]
 [Times: user=0.00 sys=0.00, real=0.00 secs] 
2020-10-27T21:54:25.694+0800: [GC concurrent-root-region-scan-start]
2020-10-27T21:54:25.694+0800: [GC concurrent-root-region-scan-end, 0.0000962 secs]
2020-10-27T21:54:25.694+0800: [GC concurrent-mark-start]
2020-10-27T21:54:25.697+0800: [GC concurrent-mark-end, 0.0032790 secs]
2020-10-27T21:54:25.697+0800: [GC remark 2020-10-27T21:54:25.697+0800: [Finalize Marking, 0.0000603 secs] 2020-10-27T21:54:25.698+0800: [GC ref-proc, 0.0000685 secs] 2020-10-27T21:54:25.698+0800: [Unloading, 0.0004321 secs], 0.0013342 secs]
 [Times: user=0.00 sys=0.00, real=0.00 secs] 
2020-10-27T21:54:25.699+0800: [GC cleanup 396M->395M(512M), 0.0003021 secs]
 [Times: user=0.00 sys=0.00, real=0.00 secs] 
2020-10-27T21:54:25.699+0800: [GC concurrent-cleanup-start]
2020-10-27T21:54:25.699+0800: [GC concurrent-cleanup-end, 0.0000173 secs]
2020-10-27T21:54:25.701+0800: [GC pause (G1 Evacuation Pause) (young), 0.0021809 secs]
   [Parallel Time: 1.9 ms, GC Workers: 4]
      [GC Worker Start (ms): Min: 884.0, Avg: 884.1, Max: 884.1, Diff: 0.0]
      [Ext Root Scanning (ms): Min: 0.1, Avg: 0.1, Max: 0.1, Diff: 0.0, Sum: 0.6]
      [Update RS (ms): Min: 0.6, Avg: 0.6, Max: 0.6, Diff: 0.0, Sum: 2.4]
         [Processed Buffers: Min: 12, Avg: 12.5, Max: 14, Diff: 2, Sum: 50]
      [Scan RS (ms): Min: 0.0, Avg: 0.0, Max: 0.0, Diff: 0.0, Sum: 0.0]
      [Code Root Scanning (ms): Min: 0.0, Avg: 0.0, Max: 0.0, Diff: 0.0, Sum: 0.0]
      [Object Copy (ms): Min: 1.0, Avg: 1.1, Max: 1.1, Diff: 0.1, Sum: 4.3]
      [Termination (ms): Min: 0.0, Avg: 0.0, Max: 0.1, Diff: 0.1, Sum: 0.1]
         [Termination Attempts: Min: 1, Avg: 1.0, Max: 1, Diff: 0, Sum: 4]
      [GC Worker Other (ms): Min: 0.0, Avg: 0.0, Max: 0.0, Diff: 0.0, Sum: 0.0]
      [GC Worker Total (ms): Min: 1.8, Avg: 1.9, Max: 1.9, Diff: 0.0, Sum: 7.4]
      [GC Worker End (ms): Min: 885.9, Avg: 885.9, Max: 885.9, Diff: 0.0]
   [Code Root Fixup: 0.0 ms]
   [Code Root Purge: 0.0 ms]
   [Clear CT: 0.0 ms]
   [Other: 0.3 ms]
      [Choose CSet: 0.0 ms]
      [Ref Proc: 0.0 ms]
      [Ref Enq: 0.0 ms]
      [Redirty Cards: 0.0 ms]
      [Humongous Register: 0.1 ms]
      [Humongous Reclaim: 0.0 ms]
      [Free CSet: 0.0 ms]
   [Eden: 24.0M(24.0M)->0.0B(21.0M) Survivors: 1024.0K->4096.0K Heap: 402.6M(512.0M)->382.5M(512.0M)]
 [Times: user=0.00 sys=0.00, real=0.00 secs] 
2020-10-27T21:54:25.707+0800: [GC pause (G1 Evacuation Pause) (mixed), 0.0060957 secs]
   [Parallel Time: 5.7 ms, GC Workers: 4]
      [GC Worker Start (ms): Min: 890.1, Avg: 890.1, Max: 890.1, Diff: 0.0]
      [Ext Root Scanning (ms): Min: 0.1, Avg: 0.1, Max: 0.2, Diff: 0.0, Sum: 0.6]
      [Update RS (ms): Min: 0.2, Avg: 0.3, Max: 0.3, Diff: 0.1, Sum: 1.1]
         [Processed Buffers: Min: 5, Avg: 6.8, Max: 10, Diff: 5, Sum: 27]
      [Scan RS (ms): Min: 0.1, Avg: 0.1, Max: 0.1, Diff: 0.0, Sum: 0.4]
      [Code Root Scanning (ms): Min: 0.0, Avg: 0.0, Max: 0.0, Diff: 0.0, Sum: 0.0]
      [Object Copy (ms): Min: 5.0, Avg: 5.1, Max: 5.1, Diff: 0.1, Sum: 20.2]
      [Termination (ms): Min: 0.0, Avg: 0.1, Max: 0.1, Diff: 0.1, Sum: 0.2]
         [Termination Attempts: Min: 1, Avg: 1.0, Max: 1, Diff: 0, Sum: 4]
      [GC Worker Other (ms): Min: 0.0, Avg: 0.0, Max: 0.0, Diff: 0.0, Sum: 0.0]
      [GC Worker Total (ms): Min: 5.6, Avg: 5.6, Max: 5.7, Diff: 0.1, Sum: 22.5]
      [GC Worker End (ms): Min: 895.7, Avg: 895.7, Max: 895.7, Diff: 0.1]
   [Code Root Fixup: 0.0 ms]
   [Code Root Purge: 0.0 ms]
   [Clear CT: 0.0 ms]
   [Other: 0.3 ms]
      [Choose CSet: 0.0 ms]
      [Ref Proc: 0.0 ms]
      [Ref Enq: 0.0 ms]
      [Redirty Cards: 0.0 ms]
      [Humongous Register: 0.1 ms]
      [Humongous Reclaim: 0.0 ms]
      [Free CSet: 0.1 ms]
   [Eden: 21.0M(21.0M)->0.0B(21.0M) Survivors: 4096.0K->4096.0K Heap: 406.2M(512.0M)->368.5M(512.0M)]
 [Times: user=0.00 sys=0.00, real=0.01 secs] 
2020-10-27T21:54:25.717+0800: [GC pause (G1 Evacuation Pause) (mixed), 0.0026102 secs]
   [Parallel Time: 2.4 ms, GC Workers: 4]
      [GC Worker Start (ms): Min: 900.5, Avg: 901.1, Max: 902.8, Diff: 2.3]
      [Ext Root Scanning (ms): Min: 0.0, Avg: 0.1, Max: 0.2, Diff: 0.2, Sum: 0.5]
      [Update RS (ms): Min: 0.0, Avg: 0.7, Max: 1.0, Diff: 1.0, Sum: 2.9]
         [Processed Buffers: Min: 0, Avg: 12.0, Max: 17, Diff: 17, Sum: 48]
      [Scan RS (ms): Min: 0.0, Avg: 0.0, Max: 0.0, Diff: 0.0, Sum: 0.0]
      [Code Root Scanning (ms): Min: 0.0, Avg: 0.0, Max: 0.0, Diff: 0.0, Sum: 0.0]
      [Object Copy (ms): Min: 0.0, Avg: 0.9, Max: 1.2, Diff: 1.2, Sum: 3.5]
      [Termination (ms): Min: 0.0, Avg: 0.0, Max: 0.0, Diff: 0.0, Sum: 0.1]
         [Termination Attempts: Min: 1, Avg: 1.0, Max: 1, Diff: 0, Sum: 4]
      [GC Worker Other (ms): Min: 0.0, Avg: 0.0, Max: 0.0, Diff: 0.0, Sum: 0.0]
      [GC Worker Total (ms): Min: 0.0, Avg: 1.8, Max: 2.4, Diff: 2.3, Sum: 7.1]
      [GC Worker End (ms): Min: 902.8, Avg: 902.8, Max: 902.8, Diff: 0.0]
   [Code Root Fixup: 0.0 ms]
   [Code Root Purge: 0.0 ms]
   [Clear CT: 0.0 ms]
   [Other: 0.2 ms]
      [Choose CSet: 0.0 ms]
      [Ref Proc: 0.0 ms]
      [Ref Enq: 0.0 ms]
      [Redirty Cards: 0.0 ms]
      [Humongous Register: 0.0 ms]
      [Humongous Reclaim: 0.0 ms]
      [Free CSet: 0.0 ms]
   [Eden: 21.0M(21.0M)->0.0B(26.0M) Survivors: 4096.0K->4096.0K Heap: 394.8M(512.0M)->371.7M(512.0M)]
 [Times: user=0.05 sys=0.00, real=0.00 secs] 
2020-10-27T21:54:25.720+0800: [GC pause (G1 Humongous Allocation) (young) (initial-mark), 0.0010101 secs]
   [Parallel Time: 0.7 ms, GC Workers: 4]
      [GC Worker Start (ms): Min: 903.4, Avg: 903.4, Max: 903.6, Diff: 0.2]
      [Ext Root Scanning (ms): Min: 0.0, Avg: 0.3, Max: 0.7, Diff: 0.7, Sum: 1.0]
      [Update RS (ms): Min: 0.0, Avg: 0.1, Max: 0.1, Diff: 0.1, Sum: 0.3]
         [Processed Buffers: Min: 0, Avg: 1.3, Max: 2, Diff: 2, Sum: 5]
      [Scan RS (ms): Min: 0.0, Avg: 0.0, Max: 0.0, Diff: 0.0, Sum: 0.0]
      [Code Root Scanning (ms): Min: 0.0, Avg: 0.0, Max: 0.0, Diff: 0.0, Sum: 0.0]
      [Object Copy (ms): Min: 0.0, Avg: 0.3, Max: 0.5, Diff: 0.4, Sum: 1.4]
      [Termination (ms): Min: 0.0, Avg: 0.0, Max: 0.0, Diff: 0.0, Sum: 0.1]
         [Termination Attempts: Min: 1, Avg: 1.0, Max: 1, Diff: 0, Sum: 4]
      [GC Worker Other (ms): Min: 0.0, Avg: 0.0, Max: 0.0, Diff: 0.0, Sum: 0.0]
      [GC Worker Total (ms): Min: 0.6, Avg: 0.7, Max: 0.7, Diff: 0.2, Sum: 2.7]
      [GC Worker End (ms): Min: 904.1, Avg: 904.1, Max: 904.1, Diff: 0.0]
   [Code Root Fixup: 0.0 ms]
   [Code Root Purge: 0.0 ms]
   [Clear CT: 0.0 ms]
   [Other: 0.2 ms]
      [Choose CSet: 0.0 ms]
      [Ref Proc: 0.0 ms]
      [Ref Enq: 0.0 ms]
      [Redirty Cards: 0.0 ms]
      [Humongous Register: 0.1 ms]
      [Humongous Reclaim: 0.0 ms]
      [Free CSet: 0.0 ms]
   [Eden: 1024.0K(26.0M)->0.0B(27.0M) Survivors: 4096.0K->0.0B Heap: 372.0M(512.0M)->371.8M(512.0M)]
 [Times: user=0.00 sys=0.00, real=0.00 secs] 
2020-10-27T21:54:25.721+0800: [GC concurrent-root-region-scan-start]
2020-10-27T21:54:25.721+0800: [GC concurrent-root-region-scan-end, 0.0000167 secs]
2020-10-27T21:54:25.721+0800: [GC concurrent-mark-start]
2020-10-27T21:54:25.725+0800: [GC concurrent-mark-end, 0.0033318 secs]
2020-10-27T21:54:25.725+0800: [GC remark 2020-10-27T21:54:25.725+0800: [Finalize Marking, 0.0000765 secs] 2020-10-27T21:54:25.725+0800: [GC ref-proc, 0.0000695 secs] 2020-10-27T21:54:25.725+0800: [Unloading, 0.0004899 secs], 0.0017861 secs]
 [Times: user=0.00 sys=0.00, real=0.00 secs] 
2020-10-27T21:54:25.727+0800: [GC cleanup 393M->393M(512M), 0.0003267 secs]
 [Times: user=0.00 sys=0.00, real=0.00 secs] 
2020-10-27T21:54:25.730+0800: [GC pause (G1 Evacuation Pause) (young), 0.0026414 secs]
   [Parallel Time: 2.3 ms, GC Workers: 4]
      [GC Worker Start (ms): Min: 912.8, Avg: 913.3, Max: 915.1, Diff: 2.3]
      [Ext Root Scanning (ms): Min: 0.0, Avg: 0.1, Max: 0.2, Diff: 0.2, Sum: 0.4]
      [Update RS (ms): Min: 0.0, Avg: 0.7, Max: 0.9, Diff: 0.9, Sum: 2.7]
         [Processed Buffers: Min: 0, Avg: 14.8, Max: 20, Diff: 20, Sum: 59]
      [Scan RS (ms): Min: 0.0, Avg: 0.0, Max: 0.0, Diff: 0.0, Sum: 0.0]
      [Code Root Scanning (ms): Min: 0.0, Avg: 0.0, Max: 0.0, Diff: 0.0, Sum: 0.0]
      [Object Copy (ms): Min: 0.0, Avg: 0.9, Max: 1.2, Diff: 1.2, Sum: 3.7]
      [Termination (ms): Min: 0.0, Avg: 0.0, Max: 0.0, Diff: 0.0, Sum: 0.1]
         [Termination Attempts: Min: 1, Avg: 1.0, Max: 1, Diff: 0, Sum: 4]
      [GC Worker Other (ms): Min: 0.0, Avg: 0.0, Max: 0.0, Diff: 0.0, Sum: 0.0]
      [GC Worker Total (ms): Min: 0.0, Avg: 1.7, Max: 2.3, Diff: 2.3, Sum: 7.0]
      [GC Worker End (ms): Min: 915.1, Avg: 915.1, Max: 915.1, Diff: 0.0]
   [Code Root Fixup: 0.0 ms]
   [Code Root Purge: 0.0 ms]
   [Clear CT: 0.0 ms]
   [Other: 0.3 ms]
      [Choose CSet: 0.0 ms]
      [Ref Proc: 0.0 ms]
      [Ref Enq: 0.0 ms]
      [Redirty Cards: 0.0 ms]
      [Humongous Register: 0.1 ms]
      [Humongous Reclaim: 0.0 ms]
      [Free CSet: 0.0 ms]
   [Eden: 27.0M(27.0M)->0.0B(21.0M) Survivors: 0.0B->4096.0K Heap: 405.7M(512.0M)->384.2M(512.0M)]
 [Times: user=0.00 sys=0.00, real=0.00 secs] 
2020-10-27T21:54:25.736+0800: [GC pause (G1 Evacuation Pause) (mixed), 0.0065008 secs]
   [Parallel Time: 6.1 ms, GC Workers: 4]
      [GC Worker Start (ms): Min: 919.6, Avg: 919.9, Max: 920.7, Diff: 1.1]
      [Ext Root Scanning (ms): Min: 0.0, Avg: 0.1, Max: 0.2, Diff: 0.2, Sum: 0.5]
      [Update RS (ms): Min: 0.0, Avg: 0.6, Max: 0.9, Diff: 0.9, Sum: 2.5]
         [Processed Buffers: Min: 0, Avg: 13.8, Max: 19, Diff: 19, Sum: 55]
      [Scan RS (ms): Min: 0.0, Avg: 0.0, Max: 0.1, Diff: 0.1, Sum: 0.2]
      [Code Root Scanning (ms): Min: 0.0, Avg: 0.0, Max: 0.0, Diff: 0.0, Sum: 0.0]
      [Object Copy (ms): Min: 4.9, Avg: 4.9, Max: 5.0, Diff: 0.1, Sum: 19.8]
      [Termination (ms): Min: 0.0, Avg: 0.0, Max: 0.1, Diff: 0.1, Sum: 0.2]
         [Termination Attempts: Min: 1, Avg: 1.0, Max: 1, Diff: 0, Sum: 4]
      [GC Worker Other (ms): Min: 0.0, Avg: 0.0, Max: 0.0, Diff: 0.0, Sum: 0.0]
      [GC Worker Total (ms): Min: 4.9, Avg: 5.8, Max: 6.1, Diff: 1.1, Sum: 23.2]
      [GC Worker End (ms): Min: 925.7, Avg: 925.7, Max: 925.7, Diff: 0.0]
   [Code Root Fixup: 0.0 ms]
   [Code Root Purge: 0.0 ms]
   [Clear CT: 0.0 ms]
   [Other: 0.3 ms]
      [Choose CSet: 0.0 ms]
      [Ref Proc: 0.1 ms]
      [Ref Enq: 0.0 ms]
      [Redirty Cards: 0.0 ms]
      [Humongous Register: 0.1 ms]
      [Humongous Reclaim: 0.0 ms]
      [Free CSet: 0.1 ms]
   [Eden: 21.0M(21.0M)->0.0B(21.0M) Survivors: 4096.0K->4096.0K Heap: 411.4M(512.0M)->377.8M(512.0M)]
 [Times: user=0.00 sys=0.00, real=0.01 secs] 
2020-10-27T21:54:25.743+0800: [GC pause (G1 Humongous Allocation) (young) (initial-mark), 0.0011100 secs]
   [Parallel Time: 0.8 ms, GC Workers: 4]
      [GC Worker Start (ms): Min: 926.5, Avg: 926.6, Max: 926.7, Diff: 0.2]
      [Ext Root Scanning (ms): Min: 0.0, Avg: 0.3, Max: 0.8, Diff: 0.8, Sum: 1.1]
      [Update RS (ms): Min: 0.0, Avg: 0.1, Max: 0.2, Diff: 0.2, Sum: 0.5]
         [Processed Buffers: Min: 0, Avg: 1.3, Max: 2, Diff: 2, Sum: 5]
      [Scan RS (ms): Min: 0.0, Avg: 0.0, Max: 0.0, Diff: 0.0, Sum: 0.0]
      [Code Root Scanning (ms): Min: 0.0, Avg: 0.0, Max: 0.0, Diff: 0.0, Sum: 0.0]
      [Object Copy (ms): Min: 0.0, Avg: 0.3, Max: 0.5, Diff: 0.5, Sum: 1.3]
      [Termination (ms): Min: 0.0, Avg: 0.0, Max: 0.0, Diff: 0.0, Sum: 0.1]
         [Termination Attempts: Min: 1, Avg: 1.0, Max: 1, Diff: 0, Sum: 4]
      [GC Worker Other (ms): Min: 0.0, Avg: 0.0, Max: 0.0, Diff: 0.0, Sum: 0.0]
      [GC Worker Total (ms): Min: 0.6, Avg: 0.7, Max: 0.8, Diff: 0.2, Sum: 3.0]
      [GC Worker End (ms): Min: 927.3, Avg: 927.3, Max: 927.3, Diff: 0.0]
   [Code Root Fixup: 0.0 ms]
   [Code Root Purge: 0.0 ms]
   [Clear CT: 0.0 ms]
   [Other: 0.3 ms]
      [Choose CSet: 0.0 ms]
      [Ref Proc: 0.0 ms]
      [Ref Enq: 0.0 ms]
      [Redirty Cards: 0.0 ms]
      [Humongous Register: 0.1 ms]
      [Humongous Reclaim: 0.0 ms]
      [Free CSet: 0.0 ms]
   [Eden: 1024.0K(21.0M)->0.0B(24.0M) Survivors: 4096.0K->1024.0K Heap: 378.4M(512.0M)->377.5M(512.0M)]
 [Times: user=0.00 sys=0.00, real=0.00 secs] 
2020-10-27T21:54:25.745+0800: [GC concurrent-root-region-scan-start]
2020-10-27T21:54:25.745+0800: [GC concurrent-root-region-scan-end, 0.0001038 secs]
2020-10-27T21:54:25.745+0800: [GC concurrent-mark-start]
2020-10-27T21:54:25.749+0800: [GC concurrent-mark-end, 0.0040191 secs]
2020-10-27T21:54:25.749+0800: [GC remark 2020-10-27T21:54:25.749+0800: [Finalize Marking, 0.0000877 secs] 2020-10-27T21:54:25.749+0800: [GC ref-proc, 0.0000718 secs] 2020-10-27T21:54:25.749+0800: [Unloading, 0.0005413 secs], 0.0017035 secs]
 [Times: user=0.05 sys=0.00, real=0.00 secs] 
2020-10-27T21:54:25.751+0800: [GC cleanup 403M->403M(512M), 0.0004073 secs]
 [Times: user=0.00 sys=0.00, real=0.00 secs] 
2020-10-27T21:54:25.753+0800: [GC pause (G1 Evacuation Pause) (young), 0.0029034 secs]
   [Parallel Time: 2.4 ms, GC Workers: 4]
      [GC Worker Start (ms): Min: 936.6, Avg: 936.9, Max: 937.5, Diff: 0.9]
      [Ext Root Scanning (ms): Min: 0.0, Avg: 0.1, Max: 0.2, Diff: 0.2, Sum: 0.5]
      [Update RS (ms): Min: 0.6, Avg: 1.0, Max: 1.3, Diff: 0.7, Sum: 4.2]
         [Processed Buffers: Min: 13, Avg: 22.5, Max: 26, Diff: 13, Sum: 90]
      [Scan RS (ms): Min: 0.0, Avg: 0.0, Max: 0.0, Diff: 0.0, Sum: 0.0]
      [Code Root Scanning (ms): Min: 0.0, Avg: 0.0, Max: 0.0, Diff: 0.0, Sum: 0.0]
      [Object Copy (ms): Min: 0.9, Avg: 0.9, Max: 1.0, Diff: 0.1, Sum: 3.7]
      [Termination (ms): Min: 0.0, Avg: 0.0, Max: 0.1, Diff: 0.1, Sum: 0.1]
         [Termination Attempts: Min: 1, Avg: 1.0, Max: 1, Diff: 0, Sum: 4]
      [GC Worker Other (ms): Min: 0.0, Avg: 0.0, Max: 0.0, Diff: 0.0, Sum: 0.0]
      [GC Worker Total (ms): Min: 1.5, Avg: 2.1, Max: 2.4, Diff: 0.9, Sum: 8.5]
      [GC Worker End (ms): Min: 939.0, Avg: 939.0, Max: 939.0, Diff: 0.0]
   [Code Root Fixup: 0.0 ms]
   [Code Root Purge: 0.0 ms]
   [Clear CT: 0.0 ms]
   [Other: 0.5 ms]
      [Choose CSet: 0.0 ms]
      [Ref Proc: 0.1 ms]
      [Ref Enq: 0.0 ms]
      [Redirty Cards: 0.2 ms]
      [Humongous Register: 0.1 ms]
      [Humongous Reclaim: 0.0 ms]
      [Free CSet: 0.0 ms]
   [Eden: 24.0M(24.0M)->0.0B(21.0M) Survivors: 1024.0K->4096.0K Heap: 412.1M(512.0M)->383.6M(512.0M)]
 [Times: user=0.00 sys=0.00, real=0.00 secs] 
2020-10-27T21:54:25.760+0800: [GC pause (G1 Evacuation Pause) (mixed), 0.0054577 secs]
   [Parallel Time: 5.1 ms, GC Workers: 4]
      [GC Worker Start (ms): Min: 943.4, Avg: 943.5, Max: 943.5, Diff: 0.0]
      [Ext Root Scanning (ms): Min: 0.1, Avg: 0.2, Max: 0.2, Diff: 0.0, Sum: 0.6]
      [Update RS (ms): Min: 0.5, Avg: 0.5, Max: 0.5, Diff: 0.0, Sum: 2.0]
         [Processed Buffers: Min: 8, Avg: 9.5, Max: 11, Diff: 3, Sum: 38]
      [Scan RS (ms): Min: 0.0, Avg: 0.0, Max: 0.0, Diff: 0.0, Sum: 0.1]
      [Code Root Scanning (ms): Min: 0.0, Avg: 0.0, Max: 0.0, Diff: 0.0, Sum: 0.0]
      [Object Copy (ms): Min: 4.3, Avg: 4.3, Max: 4.4, Diff: 0.0, Sum: 17.3]
      [Termination (ms): Min: 0.0, Avg: 0.0, Max: 0.0, Diff: 0.0, Sum: 0.1]
         [Termination Attempts: Min: 1, Avg: 1.0, Max: 1, Diff: 0, Sum: 4]
      [GC Worker Other (ms): Min: 0.0, Avg: 0.0, Max: 0.0, Diff: 0.0, Sum: 0.0]
      [GC Worker Total (ms): Min: 5.0, Avg: 5.1, Max: 5.1, Diff: 0.0, Sum: 20.2]
      [GC Worker End (ms): Min: 948.5, Avg: 948.5, Max: 948.5, Diff: 0.0]
   [Code Root Fixup: 0.0 ms]
   [Code Root Purge: 0.0 ms]
   [Clear CT: 0.0 ms]
   [Other: 0.3 ms]
      [Choose CSet: 0.0 ms]
      [Ref Proc: 0.0 ms]
      [Ref Enq: 0.0 ms]
      [Redirty Cards: 0.0 ms]
      [Humongous Register: 0.1 ms]
      [Humongous Reclaim: 0.0 ms]
      [Free CSet: 0.1 ms]
   [Eden: 21.0M(21.0M)->0.0B(21.0M) Survivors: 4096.0K->4096.0K Heap: 408.6M(512.0M)->377.9M(512.0M)]
 [Times: user=0.06 sys=0.00, real=0.01 secs] 
2020-10-27T21:54:25.767+0800: [GC pause (G1 Humongous Allocation) (young) (initial-mark), 0.0013875 secs]
   [Parallel Time: 0.9 ms, GC Workers: 4]
      [GC Worker Start (ms): Min: 950.0, Avg: 950.0, Max: 950.0, Diff: 0.0]
      [Ext Root Scanning (ms): Min: 0.1, Avg: 0.1, Max: 0.1, Diff: 0.0, Sum: 0.6]
      [Update RS (ms): Min: 0.1, Avg: 0.1, Max: 0.1, Diff: 0.0, Sum: 0.4]
         [Processed Buffers: Min: 1, Avg: 1.3, Max: 2, Diff: 1, Sum: 5]
      [Scan RS (ms): Min: 0.0, Avg: 0.0, Max: 0.0, Diff: 0.0, Sum: 0.0]
      [Code Root Scanning (ms): Min: 0.0, Avg: 0.0, Max: 0.0, Diff: 0.0, Sum: 0.0]
      [Object Copy (ms): Min: 0.6, Avg: 0.6, Max: 0.7, Diff: 0.1, Sum: 2.5]
      [Termination (ms): Min: 0.0, Avg: 0.0, Max: 0.0, Diff: 0.0, Sum: 0.1]
         [Termination Attempts: Min: 1, Avg: 1.0, Max: 1, Diff: 0, Sum: 4]
      [GC Worker Other (ms): Min: 0.0, Avg: 0.0, Max: 0.0, Diff: 0.0, Sum: 0.0]
      [GC Worker Total (ms): Min: 0.9, Avg: 0.9, Max: 0.9, Diff: 0.0, Sum: 3.6]
      [GC Worker End (ms): Min: 950.9, Avg: 950.9, Max: 950.9, Diff: 0.0]
   [Code Root Fixup: 0.0 ms]
   [Code Root Purge: 0.0 ms]
   [Clear CT: 0.0 ms]
   [Other: 0.4 ms]
      [Choose CSet: 0.0 ms]
      [Ref Proc: 0.1 ms]
      [Ref Enq: 0.0 ms]
      [Redirty Cards: 0.0 ms]
      [Humongous Register: 0.2 ms]
      [Humongous Reclaim: 0.0 ms]
      [Free CSet: 0.0 ms]
   [Eden: 6144.0K(21.0M)->0.0B(22.0M) Survivors: 4096.0K->3072.0K Heap: 383.2M(512.0M)->378.3M(512.0M)]
 [Times: user=0.00 sys=0.00, real=0.00 secs] 
2020-10-27T21:54:25.768+0800: [GC concurrent-root-region-scan-start]
2020-10-27T21:54:25.768+0800: [GC concurrent-root-region-scan-end, 0.0000971 secs]
2020-10-27T21:54:25.768+0800: [GC concurrent-mark-start]
2020-10-27T21:54:25.771+0800: [GC concurrent-mark-end, 0.0029430 secs]
2020-10-27T21:54:25.771+0800: [GC remark 2020-10-27T21:54:25.772+0800: [Finalize Marking, 0.0000541 secs] 2020-10-27T21:54:25.772+0800: [GC ref-proc, 0.0000681 secs] 2020-10-27T21:54:25.772+0800: [Unloading, 0.0004974 secs], 0.0016102 secs]
 [Times: user=0.00 sys=0.00, real=0.00 secs] 
2020-10-27T21:54:25.773+0800: [GC cleanup 400M->400M(512M), 0.0003076 secs]
 [Times: user=0.00 sys=0.00, real=0.00 secs] 
2020-10-27T21:54:25.775+0800: [GC pause (G1 Evacuation Pause) (young), 0.0021469 secs]
   [Parallel Time: 1.8 ms, GC Workers: 4]
      [GC Worker Start (ms): Min: 957.6, Avg: 957.7, Max: 957.7, Diff: 0.0]
      [Ext Root Scanning (ms): Min: 0.1, Avg: 0.1, Max: 0.1, Diff: 0.0, Sum: 0.6]
      [Update RS (ms): Min: 0.5, Avg: 0.5, Max: 0.6, Diff: 0.0, Sum: 2.2]
         [Processed Buffers: Min: 11, Avg: 11.8, Max: 12, Diff: 1, Sum: 47]
      [Scan RS (ms): Min: 0.0, Avg: 0.0, Max: 0.0, Diff: 0.0, Sum: 0.0]
      [Code Root Scanning (ms): Min: 0.0, Avg: 0.0, Max: 0.0, Diff: 0.0, Sum: 0.0]
      [Object Copy (ms): Min: 0.9, Avg: 1.0, Max: 1.1, Diff: 0.2, Sum: 4.0]
      [Termination (ms): Min: 0.0, Avg: 0.1, Max: 0.2, Diff: 0.2, Sum: 0.4]
         [Termination Attempts: Min: 1, Avg: 1.0, Max: 1, Diff: 0, Sum: 4]
      [GC Worker Other (ms): Min: 0.0, Avg: 0.0, Max: 0.0, Diff: 0.0, Sum: 0.0]
      [GC Worker Total (ms): Min: 1.8, Avg: 1.8, Max: 1.8, Diff: 0.0, Sum: 7.2]
      [GC Worker End (ms): Min: 959.5, Avg: 959.5, Max: 959.5, Diff: 0.0]
   [Code Root Fixup: 0.0 ms]
   [Code Root Purge: 0.0 ms]
   [Clear CT: 0.0 ms]
   [Other: 0.3 ms]
      [Choose CSet: 0.0 ms]
      [Ref Proc: 0.0 ms]
      [Ref Enq: 0.0 ms]
      [Redirty Cards: 0.0 ms]
      [Humongous Register: 0.1 ms]
      [Humongous Reclaim: 0.0 ms]
      [Free CSet: 0.0 ms]
   [Eden: 22.0M(22.0M)->0.0B(21.0M) Survivors: 3072.0K->4096.0K Heap: 405.4M(512.0M)->383.4M(512.0M)]
 [Times: user=0.00 sys=0.00, real=0.00 secs] 
2020-10-27T21:54:25.781+0800: [GC pause (G1 Evacuation Pause) (mixed), 0.0056824 secs]
   [Parallel Time: 5.1 ms, GC Workers: 4]
      [GC Worker Start (ms): Min: 964.0, Avg: 964.0, Max: 964.0, Diff: 0.0]
      [Ext Root Scanning (ms): Min: 0.1, Avg: 0.1, Max: 0.2, Diff: 0.0, Sum: 0.6]
      [Update RS (ms): Min: 0.4, Avg: 0.4, Max: 0.5, Diff: 0.1, Sum: 1.6]
         [Processed Buffers: Min: 7, Avg: 7.8, Max: 8, Diff: 1, Sum: 31]
      [Scan RS (ms): Min: 0.0, Avg: 0.0, Max: 0.1, Diff: 0.0, Sum: 0.1]
      [Code Root Scanning (ms): Min: 0.0, Avg: 0.0, Max: 0.0, Diff: 0.0, Sum: 0.0]
      [Object Copy (ms): Min: 4.4, Avg: 4.5, Max: 4.5, Diff: 0.1, Sum: 17.8]
      [Termination (ms): Min: 0.0, Avg: 0.0, Max: 0.1, Diff: 0.1, Sum: 0.2]
         [Termination Attempts: Min: 1, Avg: 1.0, Max: 1, Diff: 0, Sum: 4]
      [GC Worker Other (ms): Min: 0.0, Avg: 0.0, Max: 0.0, Diff: 0.0, Sum: 0.0]
      [GC Worker Total (ms): Min: 5.1, Avg: 5.1, Max: 5.1, Diff: 0.0, Sum: 20.3]
      [GC Worker End (ms): Min: 969.1, Avg: 969.1, Max: 969.1, Diff: 0.0]
   [Code Root Fixup: 0.0 ms]
   [Code Root Purge: 0.0 ms]
   [Clear CT: 0.0 ms]
   [Other: 0.5 ms]
      [Choose CSet: 0.0 ms]
      [Ref Proc: 0.2 ms]
      [Ref Enq: 0.0 ms]
      [Redirty Cards: 0.0 ms]
      [Humongous Register: 0.1 ms]
      [Humongous Reclaim: 0.0 ms]
      [Free CSet: 0.1 ms]
   [Eden: 21.0M(21.0M)->0.0B(30.0M) Survivors: 4096.0K->4096.0K Heap: 407.6M(512.0M)->370.1M(512.0M)]
 [Times: user=0.06 sys=0.00, real=0.01 secs] 
2020-10-27T21:54:25.787+0800: [GC pause (G1 Humongous Allocation) (young) (initial-mark), 0.0010589 secs]
   [Parallel Time: 0.8 ms, GC Workers: 4]
      [GC Worker Start (ms): Min: 970.1, Avg: 970.1, Max: 970.1, Diff: 0.0]
      [Ext Root Scanning (ms): Min: 0.1, Avg: 0.1, Max: 0.1, Diff: 0.0, Sum: 0.6]
      [Update RS (ms): Min: 0.1, Avg: 0.1, Max: 0.1, Diff: 0.0, Sum: 0.5]
         [Processed Buffers: Min: 1, Avg: 1.3, Max: 2, Diff: 1, Sum: 5]
      [Scan RS (ms): Min: 0.0, Avg: 0.0, Max: 0.0, Diff: 0.0, Sum: 0.0]
      [Code Root Scanning (ms): Min: 0.0, Avg: 0.0, Max: 0.0, Diff: 0.0, Sum: 0.0]
      [Object Copy (ms): Min: 0.5, Avg: 0.5, Max: 0.5, Diff: 0.0, Sum: 2.0]
      [Termination (ms): Min: 0.0, Avg: 0.0, Max: 0.0, Diff: 0.0, Sum: 0.0]
         [Termination Attempts: Min: 1, Avg: 1.0, Max: 1, Diff: 0, Sum: 4]
      [GC Worker Other (ms): Min: 0.0, Avg: 0.0, Max: 0.0, Diff: 0.0, Sum: 0.0]
      [GC Worker Total (ms): Min: 0.8, Avg: 0.8, Max: 0.8, Diff: 0.0, Sum: 3.1]
      [GC Worker End (ms): Min: 970.9, Avg: 970.9, Max: 970.9, Diff: 0.0]
   [Code Root Fixup: 0.0 ms]
   [Code Root Purge: 0.0 ms]
   [Clear CT: 0.0 ms]
   [Other: 0.2 ms]
      [Choose CSet: 0.0 ms]
      [Ref Proc: 0.0 ms]
      [Ref Enq: 0.0 ms]
      [Redirty Cards: 0.0 ms]
      [Humongous Register: 0.1 ms]
      [Humongous Reclaim: 0.0 ms]
      [Free CSet: 0.0 ms]
   [Eden: 2048.0K(30.0M)->0.0B(30.0M) Survivors: 4096.0K->1024.0K Heap: 371.7M(512.0M)->370.8M(512.0M)]
 [Times: user=0.00 sys=0.00, real=0.00 secs] 
2020-10-27T21:54:25.788+0800: [GC concurrent-root-region-scan-start]
2020-10-27T21:54:25.788+0800: [GC concurrent-root-region-scan-end, 0.0000832 secs]
2020-10-27T21:54:25.788+0800: [GC concurrent-mark-start]
2020-10-27T21:54:25.791+0800: [GC concurrent-mark-end, 0.0030773 secs]
2020-10-27T21:54:25.792+0800: [GC remark 2020-10-27T21:54:25.792+0800: [Finalize Marking, 0.0000570 secs] 2020-10-27T21:54:25.792+0800: [GC ref-proc, 0.0000701 secs] 2020-10-27T21:54:25.792+0800: [Unloading, 0.0004424 secs], 0.0013375 secs]
 [Times: user=0.00 sys=0.00, real=0.00 secs] 
2020-10-27T21:54:25.793+0800: [GC cleanup 391M->391M(512M), 0.0002920 secs]
 [Times: user=0.00 sys=0.00, real=0.00 secs] 
2020-10-27T21:54:25.796+0800: [GC pause (G1 Evacuation Pause) (young), 0.0023506 secs]
   [Parallel Time: 2.0 ms, GC Workers: 4]
      [GC Worker Start (ms): Min: 979.0, Avg: 979.1, Max: 979.3, Diff: 0.3]
      [Ext Root Scanning (ms): Min: 0.1, Avg: 0.2, Max: 0.3, Diff: 0.3, Sum: 1.0]
      [Update RS (ms): Min: 0.6, Avg: 0.7, Max: 0.7, Diff: 0.0, Sum: 2.6]
         [Processed Buffers: Min: 13, Avg: 14.0, Max: 15, Diff: 2, Sum: 56]
      [Scan RS (ms): Min: 0.0, Avg: 0.0, Max: 0.0, Diff: 0.0, Sum: 0.0]
      [Code Root Scanning (ms): Min: 0.0, Avg: 0.0, Max: 0.0, Diff: 0.0, Sum: 0.0]
      [Object Copy (ms): Min: 1.0, Avg: 1.0, Max: 1.0, Diff: 0.1, Sum: 4.0]
      [Termination (ms): Min: 0.0, Avg: 0.0, Max: 0.1, Diff: 0.1, Sum: 0.2]
         [Termination Attempts: Min: 1, Avg: 1.0, Max: 1, Diff: 0, Sum: 4]
      [GC Worker Other (ms): Min: 0.0, Avg: 0.0, Max: 0.0, Diff: 0.0, Sum: 0.0]
      [GC Worker Total (ms): Min: 1.8, Avg: 2.0, Max: 2.0, Diff: 0.3, Sum: 7.8]
      [GC Worker End (ms): Min: 981.1, Avg: 981.1, Max: 981.1, Diff: 0.0]
   [Code Root Fixup: 0.0 ms]
   [Code Root Purge: 0.0 ms]
   [Clear CT: 0.0 ms]
   [Other: 0.3 ms]
      [Choose CSet: 0.0 ms]
      [Ref Proc: 0.0 ms]
      [Ref Enq: 0.0 ms]
      [Redirty Cards: 0.0 ms]
      [Humongous Register: 0.1 ms]
      [Humongous Reclaim: 0.0 ms]
      [Free CSet: 0.0 ms]
   [Eden: 30.0M(30.0M)->0.0B(21.0M) Survivors: 1024.0K->4096.0K Heap: 407.1M(512.0M)->379.5M(512.0M)]
 [Times: user=0.06 sys=0.00, real=0.00 secs] 
2020-10-27T21:54:25.802+0800: [GC pause (G1 Evacuation Pause) (mixed), 0.0058314 secs]
   [Parallel Time: 5.5 ms, GC Workers: 4]
      [GC Worker Start (ms): Min: 985.5, Avg: 986.9, Max: 990.9, Diff: 5.4]
      [Ext Root Scanning (ms): Min: 0.0, Avg: 0.1, Max: 0.2, Diff: 0.2, Sum: 0.5]
      [Update RS (ms): Min: 0.0, Avg: 0.5, Max: 0.7, Diff: 0.7, Sum: 2.0]
         [Processed Buffers: Min: 0, Avg: 11.0, Max: 16, Diff: 16, Sum: 44]
      [Scan RS (ms): Min: 0.0, Avg: 0.0, Max: 0.1, Diff: 0.1, Sum: 0.2]
      [Code Root Scanning (ms): Min: 0.0, Avg: 0.0, Max: 0.0, Diff: 0.0, Sum: 0.0]
      [Object Copy (ms): Min: 0.0, Avg: 3.3, Max: 4.5, Diff: 4.5, Sum: 13.4]
      [Termination (ms): Min: 0.0, Avg: 0.0, Max: 0.1, Diff: 0.1, Sum: 0.2]
         [Termination Attempts: Min: 1, Avg: 1.0, Max: 1, Diff: 0, Sum: 4]
      [GC Worker Other (ms): Min: 0.0, Avg: 0.0, Max: 0.0, Diff: 0.0, Sum: 0.0]
      [GC Worker Total (ms): Min: 0.0, Avg: 4.1, Max: 5.4, Diff: 5.4, Sum: 16.3]
      [GC Worker End (ms): Min: 990.9, Avg: 990.9, Max: 990.9, Diff: 0.0]
   [Code Root Fixup: 0.0 ms]
   [Code Root Purge: 0.0 ms]
   [Clear CT: 0.0 ms]
   [Other: 0.3 ms]
      [Choose CSet: 0.0 ms]
      [Ref Proc: 0.0 ms]
      [Ref Enq: 0.0 ms]
      [Redirty Cards: 0.0 ms]
      [Humongous Register: 0.1 ms]
      [Humongous Reclaim: 0.0 ms]
      [Free CSet: 0.0 ms]
   [Eden: 21.0M(21.0M)->0.0B(26.0M) Survivors: 4096.0K->4096.0K Heap: 405.3M(512.0M)->374.2M(512.0M)]
 [Times: user=0.00 sys=0.00, real=0.01 secs] 
2020-10-27T21:54:25.809+0800: [GC pause (G1 Humongous Allocation) (young) (initial-mark), 0.0011744 secs]
   [Parallel Time: 0.9 ms, GC Workers: 4]
      [GC Worker Start (ms): Min: 991.6, Avg: 991.6, Max: 991.7, Diff: 0.2]
      [Ext Root Scanning (ms): Min: 0.0, Avg: 0.3, Max: 0.7, Diff: 0.7, Sum: 1.0]
      [Update RS (ms): Min: 0.0, Avg: 0.1, Max: 0.2, Diff: 0.2, Sum: 0.5]
         [Processed Buffers: Min: 0, Avg: 1.0, Max: 2, Diff: 2, Sum: 4]
      [Scan RS (ms): Min: 0.0, Avg: 0.0, Max: 0.0, Diff: 0.0, Sum: 0.0]
      [Code Root Scanning (ms): Min: 0.0, Avg: 0.0, Max: 0.0, Diff: 0.0, Sum: 0.0]
      [Object Copy (ms): Min: 0.0, Avg: 0.3, Max: 0.6, Diff: 0.6, Sum: 1.3]
      [Termination (ms): Min: 0.0, Avg: 0.1, Max: 0.1, Diff: 0.1, Sum: 0.4]
         [Termination Attempts: Min: 1, Avg: 1.0, Max: 1, Diff: 0, Sum: 4]
      [GC Worker Other (ms): Min: 0.0, Avg: 0.0, Max: 0.0, Diff: 0.0, Sum: 0.0]
      [GC Worker Total (ms): Min: 0.7, Avg: 0.8, Max: 0.9, Diff: 0.2, Sum: 3.2]
      [GC Worker End (ms): Min: 992.4, Avg: 992.4, Max: 992.4, Diff: 0.0]
   [Code Root Fixup: 0.0 ms]
   [Code Root Purge: 0.0 ms]
   [Clear CT: 0.0 ms]
   [Other: 0.3 ms]
      [Choose CSet: 0.0 ms]
      [Ref Proc: 0.1 ms]
      [Ref Enq: 0.0 ms]
      [Redirty Cards: 0.1 ms]
      [Humongous Register: 0.1 ms]
      [Humongous Reclaim: 0.0 ms]
      [Free CSet: 0.0 ms]
   [Eden: 1024.0K(26.0M)->0.0B(26.0M) Survivors: 4096.0K->1024.0K Heap: 374.8M(512.0M)->373.9M(512.0M)]
 [Times: user=0.00 sys=0.00, real=0.00 secs] 
2020-10-27T21:54:25.810+0800: [GC concurrent-root-region-scan-start]
2020-10-27T21:54:25.810+0800: [GC concurrent-root-region-scan-end, 0.0001081 secs]
2020-10-27T21:54:25.810+0800: [GC concurrent-mark-start]
2020-10-27T21:54:25.813+0800: [GC concurrent-mark-end, 0.0028993 secs]
2020-10-27T21:54:25.813+0800: [GC remark 2020-10-27T21:54:25.813+0800: [Finalize Marking, 0.0000754 secs] 2020-10-27T21:54:25.813+0800: [GC ref-proc, 0.0000680 secs] 2020-10-27T21:54:25.813+0800: [Unloading, 0.0004798 secs], 0.0016074 secs]
 [Times: user=0.00 sys=0.00, real=0.00 secs] 
2020-10-27T21:54:25.815+0800: [GC cleanup 394M->394M(512M), 0.0003179 secs]
 [Times: user=0.00 sys=0.00, real=0.00 secs] 
2020-10-27T21:54:25.817+0800: [GC pause (G1 Evacuation Pause) (young), 0.0019454 secs]
   [Parallel Time: 1.7 ms, GC Workers: 4]
      [GC Worker Start (ms): Min: 1000.3, Avg: 1000.4, Max: 1000.5, Diff: 0.1]
      [Ext Root Scanning (ms): Min: 0.1, Avg: 0.1, Max: 0.2, Diff: 0.1, Sum: 0.6]
      [Update RS (ms): Min: 0.4, Avg: 0.4, Max: 0.4, Diff: 0.0, Sum: 1.6]
         [Processed Buffers: Min: 7, Avg: 8.5, Max: 10, Diff: 3, Sum: 34]
      [Scan RS (ms): Min: 0.0, Avg: 0.0, Max: 0.0, Diff: 0.0, Sum: 0.0]
      [Code Root Scanning (ms): Min: 0.0, Avg: 0.0, Max: 0.0, Diff: 0.0, Sum: 0.0]
      [Object Copy (ms): Min: 1.0, Avg: 1.0, Max: 1.0, Diff: 0.1, Sum: 4.0]
      [Termination (ms): Min: 0.0, Avg: 0.0, Max: 0.1, Diff: 0.1, Sum: 0.1]
         [Termination Attempts: Min: 1, Avg: 1.0, Max: 1, Diff: 0, Sum: 4]
      [GC Worker Other (ms): Min: 0.0, Avg: 0.0, Max: 0.0, Diff: 0.0, Sum: 0.0]
      [GC Worker Total (ms): Min: 1.5, Avg: 1.6, Max: 1.6, Diff: 0.1, Sum: 6.4]
      [GC Worker End (ms): Min: 1002.0, Avg: 1002.0, Max: 1002.0, Diff: 0.0]
   [Code Root Fixup: 0.0 ms]
   [Code Root Purge: 0.0 ms]
   [Clear CT: 0.0 ms]
   [Other: 0.3 ms]
      [Choose CSet: 0.0 ms]
      [Ref Proc: 0.0 ms]
      [Ref Enq: 0.0 ms]
      [Redirty Cards: 0.0 ms]
      [Humongous Register: 0.1 ms]
      [Humongous Reclaim: 0.0 ms]
      [Free CSet: 0.0 ms]
   [Eden: 26.0M(26.0M)->0.0B(21.0M) Survivors: 1024.0K->4096.0K Heap: 403.6M(512.0M)->380.3M(512.0M)]
 [Times: user=0.00 sys=0.00, real=0.00 secs] 
2020-10-27T21:54:25.824+0800: [GC pause (G1 Evacuation Pause) (mixed), 0.0056245 secs]
   [Parallel Time: 5.2 ms, GC Workers: 4]
      [GC Worker Start (ms): Min: 1006.7, Avg: 1006.7, Max: 1006.7, Diff: 0.0]
      [Ext Root Scanning (ms): Min: 0.1, Avg: 0.1, Max: 0.1, Diff: 0.0, Sum: 0.6]
      [Update RS (ms): Min: 0.5, Avg: 0.5, Max: 0.5, Diff: 0.0, Sum: 2.0]
         [Processed Buffers: Min: 11, Avg: 11.3, Max: 12, Diff: 1, Sum: 45]
      [Scan RS (ms): Min: 0.1, Avg: 0.1, Max: 0.1, Diff: 0.0, Sum: 0.3]
      [Code Root Scanning (ms): Min: 0.0, Avg: 0.0, Max: 0.0, Diff: 0.0, Sum: 0.0]
      [Object Copy (ms): Min: 4.4, Avg: 4.5, Max: 4.5, Diff: 0.0, Sum: 17.9]
      [Termination (ms): Min: 0.0, Avg: 0.0, Max: 0.0, Diff: 0.0, Sum: 0.0]
         [Termination Attempts: Min: 1, Avg: 1.0, Max: 1, Diff: 0, Sum: 4]
      [GC Worker Other (ms): Min: 0.0, Avg: 0.0, Max: 0.0, Diff: 0.0, Sum: 0.0]
      [GC Worker Total (ms): Min: 5.2, Avg: 5.2, Max: 5.2, Diff: 0.0, Sum: 20.8]
      [GC Worker End (ms): Min: 1011.9, Avg: 1011.9, Max: 1011.9, Diff: 0.0]
   [Code Root Fixup: 0.0 ms]
   [Code Root Purge: 0.0 ms]
   [Clear CT: 0.1 ms]
   [Other: 0.3 ms]
      [Choose CSet: 0.0 ms]
      [Ref Proc: 0.0 ms]
      [Ref Enq: 0.0 ms]
      [Redirty Cards: 0.0 ms]
      [Humongous Register: 0.1 ms]
      [Humongous Reclaim: 0.0 ms]
      [Free CSet: 0.1 ms]
   [Eden: 21.0M(21.0M)->0.0B(25.0M) Survivors: 4096.0K->4096.0K Heap: 406.3M(512.0M)->374.7M(512.0M)]
 [Times: user=0.06 sys=0.00, real=0.01 secs] 
2020-10-27T21:54:25.830+0800: [GC pause (G1 Humongous Allocation) (young) (initial-mark), 0.0011283 secs]
   [Parallel Time: 0.8 ms, GC Workers: 4]
      [GC Worker Start (ms): Min: 1012.7, Avg: 1012.7, Max: 1012.7, Diff: 0.0]
      [Ext Root Scanning (ms): Min: 0.1, Avg: 0.1, Max: 0.1, Diff: 0.0, Sum: 0.6]
      [Update RS (ms): Min: 0.1, Avg: 0.2, Max: 0.2, Diff: 0.0, Sum: 0.7]
         [Processed Buffers: Min: 1, Avg: 1.3, Max: 2, Diff: 1, Sum: 5]
      [Scan RS (ms): Min: 0.0, Avg: 0.0, Max: 0.0, Diff: 0.0, Sum: 0.0]
      [Code Root Scanning (ms): Min: 0.0, Avg: 0.0, Max: 0.0, Diff: 0.0, Sum: 0.0]
      [Object Copy (ms): Min: 0.4, Avg: 0.4, Max: 0.5, Diff: 0.0, Sum: 1.8]
      [Termination (ms): Min: 0.0, Avg: 0.0, Max: 0.0, Diff: 0.0, Sum: 0.1]
         [Termination Attempts: Min: 1, Avg: 1.0, Max: 1, Diff: 0, Sum: 4]
      [GC Worker Other (ms): Min: 0.0, Avg: 0.0, Max: 0.0, Diff: 0.0, Sum: 0.0]
      [GC Worker Total (ms): Min: 0.8, Avg: 0.8, Max: 0.8, Diff: 0.0, Sum: 3.1]
      [GC Worker End (ms): Min: 1013.5, Avg: 1013.5, Max: 1013.5, Diff: 0.0]
   [Code Root Fixup: 0.0 ms]
   [Code Root Purge: 0.0 ms]
   [Clear CT: 0.0 ms]
   [Other: 0.3 ms]
      [Choose CSet: 0.0 ms]
      [Ref Proc: 0.1 ms]
      [Ref Enq: 0.0 ms]
      [Redirty Cards: 0.1 ms]
      [Humongous Register: 0.1 ms]
      [Humongous Reclaim: 0.0 ms]
      [Free CSet: 0.0 ms]
   [Eden: 1024.0K(25.0M)->0.0B(24.0M) Survivors: 4096.0K->1024.0K Heap: 375.7M(512.0M)->375.4M(512.0M)]
 [Times: user=0.00 sys=0.00, real=0.00 secs] 
2020-10-27T21:54:25.831+0800: [GC concurrent-root-region-scan-start]
2020-10-27T21:54:25.831+0800: [GC concurrent-root-region-scan-end, 0.0000266 secs]
2020-10-27T21:54:25.831+0800: [GC concurrent-mark-start]
2020-10-27T21:54:25.834+0800: [GC concurrent-mark-end, 0.0033445 secs]
2020-10-27T21:54:25.834+0800: [GC remark 2020-10-27T21:54:25.834+0800: [Finalize Marking, 0.0001103 secs] 2020-10-27T21:54:25.835+0800: [GC ref-proc, 0.0000700 secs] 2020-10-27T21:54:25.835+0800: [Unloading, 0.0004430 secs], 0.0013878 secs]
 [Times: user=0.00 sys=0.00, real=0.00 secs] 
2020-10-27T21:54:25.836+0800: [GC cleanup 400M->400M(512M), 0.0004597 secs]
 [Times: user=0.00 sys=0.00, real=0.00 secs] 
2020-10-27T21:54:25.837+0800: [GC pause (G1 Evacuation Pause) (young), 0.0018305 secs]
   [Parallel Time: 1.5 ms, GC Workers: 4]
      [GC Worker Start (ms): Min: 1020.3, Avg: 1020.3, Max: 1020.3, Diff: 0.0]
      [Ext Root Scanning (ms): Min: 0.1, Avg: 0.1, Max: 0.2, Diff: 0.0, Sum: 0.6]
      [Update RS (ms): Min: 0.5, Avg: 0.5, Max: 0.5, Diff: 0.0, Sum: 1.8]
         [Processed Buffers: Min: 9, Avg: 10.0, Max: 11, Diff: 2, Sum: 40]
      [Scan RS (ms): Min: 0.0, Avg: 0.0, Max: 0.0, Diff: 0.0, Sum: 0.0]
      [Code Root Scanning (ms): Min: 0.0, Avg: 0.0, Max: 0.0, Diff: 0.0, Sum: 0.0]
      [Object Copy (ms): Min: 0.8, Avg: 0.9, Max: 0.9, Diff: 0.0, Sum: 3.4]
      [Termination (ms): Min: 0.0, Avg: 0.0, Max: 0.0, Diff: 0.0, Sum: 0.1]
         [Termination Attempts: Min: 1, Avg: 1.0, Max: 1, Diff: 0, Sum: 4]
      [GC Worker Other (ms): Min: 0.0, Avg: 0.0, Max: 0.0, Diff: 0.0, Sum: 0.0]
      [GC Worker Total (ms): Min: 1.5, Avg: 1.5, Max: 1.5, Diff: 0.0, Sum: 6.0]
      [GC Worker End (ms): Min: 1021.8, Avg: 1021.8, Max: 1021.8, Diff: 0.0]
   [Code Root Fixup: 0.0 ms]
   [Code Root Purge: 0.0 ms]
   [Clear CT: 0.0 ms]
   [Other: 0.3 ms]
      [Choose CSet: 0.0 ms]
      [Ref Proc: 0.1 ms]
      [Ref Enq: 0.0 ms]
      [Redirty Cards: 0.0 ms]
      [Humongous Register: 0.1 ms]
      [Humongous Reclaim: 0.0 ms]
      [Free CSet: 0.0 ms]
   [Eden: 24.0M(24.0M)->0.0B(21.0M) Survivors: 1024.0K->4096.0K Heap: 403.8M(512.0M)->384.4M(512.0M)]
 [Times: user=0.00 sys=0.00, real=0.00 secs] 
2020-10-27T21:54:25.844+0800: [GC pause (G1 Evacuation Pause) (mixed), 0.0052366 secs]
   [Parallel Time: 4.9 ms, GC Workers: 4]
      [GC Worker Start (ms): Min: 1026.7, Avg: 1026.7, Max: 1026.7, Diff: 0.0]
      [Ext Root Scanning (ms): Min: 0.1, Avg: 0.1, Max: 0.2, Diff: 0.0, Sum: 0.6]
      [Update RS (ms): Min: 0.5, Avg: 0.5, Max: 0.5, Diff: 0.0, Sum: 2.1]
         [Processed Buffers: Min: 9, Avg: 10.5, Max: 11, Diff: 2, Sum: 42]
      [Scan RS (ms): Min: 0.0, Avg: 0.0, Max: 0.0, Diff: 0.0, Sum: 0.1]
      [Code Root Scanning (ms): Min: 0.0, Avg: 0.0, Max: 0.0, Diff: 0.0, Sum: 0.0]
      [Object Copy (ms): Min: 4.1, Avg: 4.1, Max: 4.1, Diff: 0.0, Sum: 16.5]
      [Termination (ms): Min: 0.0, Avg: 0.0, Max: 0.0, Diff: 0.0, Sum: 0.0]
         [Termination Attempts: Min: 1, Avg: 1.0, Max: 1, Diff: 0, Sum: 4]
      [GC Worker Other (ms): Min: 0.0, Avg: 0.0, Max: 0.0, Diff: 0.0, Sum: 0.0]
      [GC Worker Total (ms): Min: 4.8, Avg: 4.8, Max: 4.8, Diff: 0.0, Sum: 19.4]
      [GC Worker End (ms): Min: 1031.5, Avg: 1031.5, Max: 1031.5, Diff: 0.0]
   [Code Root Fixup: 0.0 ms]
   [Code Root Purge: 0.0 ms]
   [Clear CT: 0.0 ms]
   [Other: 0.3 ms]
      [Choose CSet: 0.0 ms]
      [Ref Proc: 0.0 ms]
      [Ref Enq: 0.0 ms]
      [Redirty Cards: 0.0 ms]
      [Humongous Register: 0.1 ms]
      [Humongous Reclaim: 0.0 ms]
      [Free CSet: 0.1 ms]
   [Eden: 21.0M(21.0M)->0.0B(27.0M) Survivors: 4096.0K->4096.0K Heap: 410.0M(512.0M)->372.7M(512.0M)]
 [Times: user=0.00 sys=0.00, real=0.00 secs] 
2020-10-27T21:54:25.850+0800: [GC pause (G1 Humongous Allocation) (young) (initial-mark), 0.0012711 secs]
   [Parallel Time: 1.0 ms, GC Workers: 4]
      [GC Worker Start (ms): Min: 1032.9, Avg: 1032.9, Max: 1032.9, Diff: 0.0]
      [Ext Root Scanning (ms): Min: 0.1, Avg: 0.1, Max: 0.1, Diff: 0.0, Sum: 0.6]
      [Update RS (ms): Min: 0.1, Avg: 0.1, Max: 0.1, Diff: 0.0, Sum: 0.4]
         [Processed Buffers: Min: 1, Avg: 1.3, Max: 2, Diff: 1, Sum: 5]
      [Scan RS (ms): Min: 0.0, Avg: 0.0, Max: 0.0, Diff: 0.0, Sum: 0.0]
      [Code Root Scanning (ms): Min: 0.0, Avg: 0.0, Max: 0.0, Diff: 0.0, Sum: 0.0]
      [Object Copy (ms): Min: 0.7, Avg: 0.7, Max: 0.7, Diff: 0.0, Sum: 2.7]
      [Termination (ms): Min: 0.0, Avg: 0.0, Max: 0.1, Diff: 0.1, Sum: 0.2]
         [Termination Attempts: Min: 1, Avg: 1.0, Max: 1, Diff: 0, Sum: 4]
      [GC Worker Other (ms): Min: 0.0, Avg: 0.0, Max: 0.0, Diff: 0.0, Sum: 0.0]
      [GC Worker Total (ms): Min: 0.9, Avg: 1.0, Max: 1.0, Diff: 0.0, Sum: 3.8]
      [GC Worker End (ms): Min: 1033.8, Avg: 1033.8, Max: 1033.8, Diff: 0.0]
   [Code Root Fixup: 0.0 ms]
   [Code Root Purge: 0.0 ms]
   [Clear CT: 0.0 ms]
   [Other: 0.3 ms]
      [Choose CSet: 0.0 ms]
      [Ref Proc: 0.0 ms]
      [Ref Enq: 0.0 ms]
      [Redirty Cards: 0.0 ms]
      [Humongous Register: 0.1 ms]
      [Humongous Reclaim: 0.0 ms]
      [Free CSet: 0.0 ms]
   [Eden: 6144.0K(27.0M)->0.0B(26.0M) Survivors: 4096.0K->2048.0K Heap: 377.8M(512.0M)->373.7M(512.0M)]
 [Times: user=0.00 sys=0.00, real=0.00 secs] 
2020-10-27T21:54:25.851+0800: [GC concurrent-root-region-scan-start]
2020-10-27T21:54:25.851+0800: [GC concurrent-root-region-scan-end, 0.0000978 secs]
2020-10-27T21:54:25.851+0800: [GC concurrent-mark-start]
2020-10-27T21:54:25.855+0800: [GC concurrent-mark-end, 0.0039579 secs]
2020-10-27T21:54:25.856+0800: [GC remark 2020-10-27T21:54:25.856+0800: [Finalize Marking, 0.0000737 secs] 2020-10-27T21:54:25.856+0800: [GC ref-proc, 0.0000687 secs] 2020-10-27T21:54:25.856+0800: [Unloading, 0.0006916 secs], 0.0019129 secs]
 [Times: user=0.00 sys=0.00, real=0.00 secs] 
2020-10-27T21:54:25.857+0800: [GC cleanup 401M->401M(512M), 0.0004715 secs]
 [Times: user=0.00 sys=0.00, real=0.00 secs] 
2020-10-27T21:54:25.859+0800: [GC pause (G1 Evacuation Pause) (young), 0.0026994 secs]
   [Parallel Time: 2.4 ms, GC Workers: 4]
      [GC Worker Start (ms): Min: 1042.6, Avg: 1042.8, Max: 1043.5, Diff: 1.0]
      [Ext Root Scanning (ms): Min: 0.0, Avg: 0.1, Max: 0.2, Diff: 0.2, Sum: 0.4]
      [Update RS (ms): Min: 0.0, Avg: 0.6, Max: 0.9, Diff: 0.9, Sum: 2.5]
         [Processed Buffers: Min: 0, Avg: 14.0, Max: 20, Diff: 20, Sum: 56]
      [Scan RS (ms): Min: 0.0, Avg: 0.0, Max: 0.0, Diff: 0.0, Sum: 0.0]
      [Code Root Scanning (ms): Min: 0.0, Avg: 0.0, Max: 0.0, Diff: 0.0, Sum: 0.0]
      [Object Copy (ms): Min: 1.3, Avg: 1.3, Max: 1.3, Diff: 0.0, Sum: 5.3]
      [Termination (ms): Min: 0.0, Avg: 0.0, Max: 0.1, Diff: 0.1, Sum: 0.1]
         [Termination Attempts: Min: 1, Avg: 1.0, Max: 1, Diff: 0, Sum: 4]
      [GC Worker Other (ms): Min: 0.0, Avg: 0.0, Max: 0.0, Diff: 0.0, Sum: 0.0]
      [GC Worker Total (ms): Min: 1.4, Avg: 2.1, Max: 2.3, Diff: 1.0, Sum: 8.4]
      [GC Worker End (ms): Min: 1044.9, Avg: 1044.9, Max: 1044.9, Diff: 0.0]
   [Code Root Fixup: 0.0 ms]
   [Code Root Purge: 0.0 ms]
   [Clear CT: 0.0 ms]
   [Other: 0.3 ms]
      [Choose CSet: 0.0 ms]
      [Ref Proc: 0.0 ms]
      [Ref Enq: 0.0 ms]
      [Redirty Cards: 0.0 ms]
      [Humongous Register: 0.1 ms]
      [Humongous Reclaim: 0.0 ms]
      [Free CSet: 0.0 ms]
   [Eden: 26.0M(26.0M)->0.0B(21.0M) Survivors: 2048.0K->4096.0K Heap: 406.0M(512.0M)->382.5M(512.0M)]
 [Times: user=0.05 sys=0.00, real=0.00 secs] 
2020-10-27T21:54:25.866+0800: [GC pause (G1 Evacuation Pause) (mixed), 0.0054295 secs]
   [Parallel Time: 4.9 ms, GC Workers: 4]
      [GC Worker Start (ms): Min: 1049.9, Avg: 1049.9, Max: 1049.9, Diff: 0.0]
      [Ext Root Scanning (ms): Min: 0.1, Avg: 0.1, Max: 0.1, Diff: 0.0, Sum: 0.6]
      [Update RS (ms): Min: 0.8, Avg: 0.8, Max: 0.8, Diff: 0.0, Sum: 3.2]
         [Processed Buffers: Min: 16, Avg: 17.0, Max: 19, Diff: 3, Sum: 68]
      [Scan RS (ms): Min: 0.0, Avg: 0.1, Max: 0.1, Diff: 0.0, Sum: 0.2]
      [Code Root Scanning (ms): Min: 0.0, Avg: 0.0, Max: 0.0, Diff: 0.0, Sum: 0.0]
      [Object Copy (ms): Min: 3.8, Avg: 3.9, Max: 3.9, Diff: 0.1, Sum: 15.4]
      [Termination (ms): Min: 0.0, Avg: 0.0, Max: 0.0, Diff: 0.0, Sum: 0.1]
         [Termination Attempts: Min: 1, Avg: 1.0, Max: 1, Diff: 0, Sum: 4]
      [GC Worker Other (ms): Min: 0.0, Avg: 0.0, Max: 0.0, Diff: 0.0, Sum: 0.0]
      [GC Worker Total (ms): Min: 4.9, Avg: 4.9, Max: 4.9, Diff: 0.0, Sum: 19.6]
      [GC Worker End (ms): Min: 1054.8, Avg: 1054.8, Max: 1054.8, Diff: 0.0]
   [Code Root Fixup: 0.0 ms]
   [Code Root Purge: 0.0 ms]
   [Clear CT: 0.1 ms]
   [Other: 0.5 ms]
      [Choose CSet: 0.0 ms]
      [Ref Proc: 0.2 ms]
      [Ref Enq: 0.0 ms]
      [Redirty Cards: 0.0 ms]
      [Humongous Register: 0.1 ms]
      [Humongous Reclaim: 0.0 ms]
      [Free CSet: 0.1 ms]
   [Eden: 21.0M(21.0M)->0.0B(21.0M) Survivors: 4096.0K->4096.0K Heap: 411.3M(512.0M)->379.7M(512.0M)]
 [Times: user=0.00 sys=0.00, real=0.01 secs] 
2020-10-27T21:54:25.875+0800: [GC pause (G1 Humongous Allocation) (young) (initial-mark), 0.0020735 secs]
   [Parallel Time: 1.7 ms, GC Workers: 4]
      [GC Worker Start (ms): Min: 1058.8, Avg: 1058.9, Max: 1058.9, Diff: 0.0]
      [Ext Root Scanning (ms): Min: 0.1, Avg: 0.2, Max: 0.4, Diff: 0.3, Sum: 0.9]
      [Update RS (ms): Min: 0.0, Avg: 0.3, Max: 0.5, Diff: 0.5, Sum: 1.2]
         [Processed Buffers: Min: 0, Avg: 1.3, Max: 2, Diff: 2, Sum: 5]
      [Scan RS (ms): Min: 0.0, Avg: 0.0, Max: 0.0, Diff: 0.0, Sum: 0.0]
      [Code Root Scanning (ms): Min: 0.0, Avg: 0.0, Max: 0.0, Diff: 0.0, Sum: 0.0]
      [Object Copy (ms): Min: 1.0, Avg: 1.2, Max: 1.3, Diff: 0.2, Sum: 4.6]
      [Termination (ms): Min: 0.0, Avg: 0.0, Max: 0.1, Diff: 0.1, Sum: 0.1]
         [Termination Attempts: Min: 1, Avg: 1.0, Max: 1, Diff: 0, Sum: 4]
      [GC Worker Other (ms): Min: 0.0, Avg: 0.0, Max: 0.0, Diff: 0.0, Sum: 0.0]
      [GC Worker Total (ms): Min: 1.7, Avg: 1.7, Max: 1.7, Diff: 0.0, Sum: 6.8]
      [GC Worker End (ms): Min: 1060.6, Avg: 1060.6, Max: 1060.6, Diff: 0.0]
   [Code Root Fixup: 0.0 ms]
   [Code Root Purge: 0.0 ms]
   [Clear CT: 0.0 ms]
   [Other: 0.3 ms]
      [Choose CSet: 0.0 ms]
      [Ref Proc: 0.0 ms]
      [Ref Enq: 0.0 ms]
      [Redirty Cards: 0.0 ms]
      [Humongous Register: 0.1 ms]
      [Humongous Reclaim: 0.0 ms]
      [Free CSet: 0.0 ms]
   [Eden: 20.0M(21.0M)->0.0B(21.0M) Survivors: 4096.0K->4096.0K Heap: 399.6M(512.0M)->384.8M(512.0M)]
 [Times: user=0.00 sys=0.00, real=0.00 secs] 
2020-10-27T21:54:25.878+0800: [GC concurrent-root-region-scan-start]
2020-10-27T21:54:25.878+0800: [GC concurrent-root-region-scan-end, 0.0001060 secs]
2020-10-27T21:54:25.878+0800: [GC concurrent-mark-start]
2020-10-27T21:54:25.881+0800: [GC concurrent-mark-end, 0.0032613 secs]
2020-10-27T21:54:25.881+0800: [GC remark 2020-10-27T21:54:25.881+0800: [Finalize Marking, 0.0000440 secs] 2020-10-27T21:54:25.881+0800: [GC ref-proc, 0.0000685 secs] 2020-10-27T21:54:25.881+0800: [Unloading, 0.0004434 secs], 0.0013175 secs]
 [Times: user=0.00 sys=0.00, real=0.00 secs] 
2020-10-27T21:54:25.883+0800: [GC cleanup 408M->408M(512M), 0.0003132 secs]
 [Times: user=0.00 sys=0.00, real=0.00 secs] 
2020-10-27T21:54:25.884+0800: [GC pause (G1 Evacuation Pause) (young), 0.0022439 secs]
   [Parallel Time: 2.0 ms, GC Workers: 4]
      [GC Worker Start (ms): Min: 1067.0, Avg: 1067.0, Max: 1067.0, Diff: 0.0]
      [Ext Root Scanning (ms): Min: 0.1, Avg: 0.1, Max: 0.1, Diff: 0.0, Sum: 0.5]
      [Update RS (ms): Min: 0.7, Avg: 0.7, Max: 0.7, Diff: 0.0, Sum: 2.8]
         [Processed Buffers: Min: 14, Avg: 15.0, Max: 16, Diff: 2, Sum: 60]
      [Scan RS (ms): Min: 0.0, Avg: 0.0, Max: 0.0, Diff: 0.0, Sum: 0.0]
      [Code Root Scanning (ms): Min: 0.0, Avg: 0.0, Max: 0.0, Diff: 0.0, Sum: 0.0]
      [Object Copy (ms): Min: 1.0, Avg: 1.1, Max: 1.1, Diff: 0.1, Sum: 4.4]
      [Termination (ms): Min: 0.0, Avg: 0.0, Max: 0.1, Diff: 0.1, Sum: 0.1]
         [Termination Attempts: Min: 1, Avg: 1.0, Max: 1, Diff: 0, Sum: 4]
      [GC Worker Other (ms): Min: 0.0, Avg: 0.0, Max: 0.0, Diff: 0.0, Sum: 0.0]
      [GC Worker Total (ms): Min: 1.9, Avg: 1.9, Max: 2.0, Diff: 0.0, Sum: 7.8]
      [GC Worker End (ms): Min: 1068.9, Avg: 1068.9, Max: 1068.9, Diff: 0.0]
   [Code Root Fixup: 0.0 ms]
   [Code Root Purge: 0.0 ms]
   [Clear CT: 0.1 ms]
   [Other: 0.2 ms]
      [Choose CSet: 0.0 ms]
      [Ref Proc: 0.0 ms]
      [Ref Enq: 0.0 ms]
      [Redirty Cards: 0.0 ms]
      [Humongous Register: 0.1 ms]
      [Humongous Reclaim: 0.0 ms]
      [Free CSet: 0.0 ms]
   [Eden: 21.0M(21.0M)->0.0B(21.0M) Survivors: 4096.0K->4096.0K Heap: 412.6M(512.0M)->394.7M(512.0M)]
 [Times: user=0.00 sys=0.00, real=0.00 secs] 
2020-10-27T21:54:25.890+0800: [GC pause (G1 Evacuation Pause) (mixed) (to-space exhausted), 0.0055267 secs]
   [Parallel Time: 5.1 ms, GC Workers: 4]
      [GC Worker Start (ms): Min: 1073.7, Avg: 1073.7, Max: 1073.7, Diff: 0.0]
      [Ext Root Scanning (ms): Min: 0.1, Avg: 0.1, Max: 0.1, Diff: 0.0, Sum: 0.6]
      [Update RS (ms): Min: 0.4, Avg: 0.4, Max: 0.4, Diff: 0.0, Sum: 1.6]
         [Processed Buffers: Min: 8, Avg: 9.0, Max: 10, Diff: 2, Sum: 36]
      [Scan RS (ms): Min: 0.0, Avg: 0.0, Max: 0.0, Diff: 0.0, Sum: 0.1]
      [Code Root Scanning (ms): Min: 0.0, Avg: 0.0, Max: 0.0, Diff: 0.0, Sum: 0.0]
      [Object Copy (ms): Min: 4.4, Avg: 4.5, Max: 4.5, Diff: 0.0, Sum: 17.8]
      [Termination (ms): Min: 0.0, Avg: 0.0, Max: 0.0, Diff: 0.0, Sum: 0.1]
         [Termination Attempts: Min: 1, Avg: 1.0, Max: 1, Diff: 0, Sum: 4]
      [GC Worker Other (ms): Min: 0.0, Avg: 0.0, Max: 0.0, Diff: 0.0, Sum: 0.0]
      [GC Worker Total (ms): Min: 5.1, Avg: 5.1, Max: 5.1, Diff: 0.0, Sum: 20.3]
      [GC Worker End (ms): Min: 1078.7, Avg: 1078.7, Max: 1078.7, Diff: 0.0]
   [Code Root Fixup: 0.0 ms]
   [Code Root Purge: 0.0 ms]
   [Clear CT: 0.1 ms]
   [Other: 0.4 ms]
      [Evacuation Failure: 0.1 ms]
      [Choose CSet: 0.0 ms]
      [Ref Proc: 0.0 ms]
      [Ref Enq: 0.0 ms]
      [Redirty Cards: 0.0 ms]
      [Humongous Register: 0.1 ms]
      [Humongous Reclaim: 0.0 ms]
      [Free CSet: 0.0 ms]
   [Eden: 21.0M(21.0M)->0.0B(21.0M) Survivors: 4096.0K->4096.0K Heap: 419.3M(512.0M)->400.6M(512.0M)]
 [Times: user=0.06 sys=0.00, real=0.01 secs] 
2020-10-27T21:54:25.900+0800: [GC pause (G1 Evacuation Pause) (mixed), 0.0027224 secs]
   [Parallel Time: 2.4 ms, GC Workers: 4]
      [GC Worker Start (ms): Min: 1083.3, Avg: 1083.4, Max: 1083.4, Diff: 0.0]
      [Ext Root Scanning (ms): Min: 0.1, Avg: 0.1, Max: 0.1, Diff: 0.0, Sum: 0.6]
      [Update RS (ms): Min: 0.6, Avg: 0.6, Max: 0.6, Diff: 0.0, Sum: 2.3]
         [Processed Buffers: Min: 11, Avg: 12.8, Max: 17, Diff: 6, Sum: 51]
      [Scan RS (ms): Min: 0.0, Avg: 0.0, Max: 0.0, Diff: 0.0, Sum: 0.0]
      [Code Root Scanning (ms): Min: 0.0, Avg: 0.0, Max: 0.0, Diff: 0.0, Sum: 0.0]
      [Object Copy (ms): Min: 1.6, Avg: 1.6, Max: 1.6, Diff: 0.0, Sum: 6.4]
      [Termination (ms): Min: 0.0, Avg: 0.0, Max: 0.0, Diff: 0.0, Sum: 0.1]
         [Termination Attempts: Min: 1, Avg: 1.0, Max: 1, Diff: 0, Sum: 4]
      [GC Worker Other (ms): Min: 0.0, Avg: 0.0, Max: 0.0, Diff: 0.0, Sum: 0.0]
      [GC Worker Total (ms): Min: 2.4, Avg: 2.4, Max: 2.4, Diff: 0.0, Sum: 9.5]
      [GC Worker End (ms): Min: 1085.7, Avg: 1085.7, Max: 1085.7, Diff: 0.0]
   [Code Root Fixup: 0.0 ms]
   [Code Root Purge: 0.0 ms]
   [Clear CT: 0.0 ms]
   [Other: 0.3 ms]
      [Choose CSet: 0.0 ms]
      [Ref Proc: 0.1 ms]
      [Ref Enq: 0.0 ms]
      [Redirty Cards: 0.0 ms]
      [Humongous Register: 0.1 ms]
      [Humongous Reclaim: 0.0 ms]
      [Free CSet: 0.0 ms]
   [Eden: 21.0M(21.0M)->0.0B(21.0M) Survivors: 4096.0K->4096.0K Heap: 426.7M(512.0M)->406.5M(512.0M)]
 [Times: user=0.00 sys=0.00, real=0.00 secs] 
2020-10-27T21:54:25.903+0800: [GC pause (G1 Humongous Allocation) (young) (initial-mark), 0.0011367 secs]
   [Parallel Time: 0.9 ms, GC Workers: 4]
      [GC Worker Start (ms): Min: 1086.8, Avg: 1086.8, Max: 1086.9, Diff: 0.0]
      [Ext Root Scanning (ms): Min: 0.1, Avg: 0.1, Max: 0.2, Diff: 0.0, Sum: 0.6]
      [Update RS (ms): Min: 0.1, Avg: 0.1, Max: 0.1, Diff: 0.0, Sum: 0.3]
         [Processed Buffers: Min: 1, Avg: 1.5, Max: 2, Diff: 1, Sum: 6]
      [Scan RS (ms): Min: 0.0, Avg: 0.0, Max: 0.0, Diff: 0.0, Sum: 0.0]
      [Code Root Scanning (ms): Min: 0.0, Avg: 0.0, Max: 0.0, Diff: 0.0, Sum: 0.0]
      [Object Copy (ms): Min: 0.5, Avg: 0.6, Max: 0.6, Diff: 0.0, Sum: 2.3]
      [Termination (ms): Min: 0.0, Avg: 0.0, Max: 0.0, Diff: 0.0, Sum: 0.1]
         [Termination Attempts: Min: 1, Avg: 1.0, Max: 1, Diff: 0, Sum: 4]
      [GC Worker Other (ms): Min: 0.0, Avg: 0.0, Max: 0.0, Diff: 0.0, Sum: 0.0]
      [GC Worker Total (ms): Min: 0.8, Avg: 0.8, Max: 0.8, Diff: 0.0, Sum: 3.2]
      [GC Worker End (ms): Min: 1087.6, Avg: 1087.6, Max: 1087.6, Diff: 0.0]
   [Code Root Fixup: 0.0 ms]
   [Code Root Purge: 0.0 ms]
   [Clear CT: 0.0 ms]
   [Other: 0.3 ms]
      [Choose CSet: 0.0 ms]
      [Ref Proc: 0.0 ms]
      [Ref Enq: 0.0 ms]
      [Redirty Cards: 0.0 ms]
      [Humongous Register: 0.1 ms]
      [Humongous Reclaim: 0.0 ms]
      [Free CSet: 0.0 ms]
   [Eden: 5120.0K(21.0M)->0.0B(23.0M) Survivors: 4096.0K->2048.0K Heap: 411.1M(512.0M)->407.8M(512.0M)]
 [Times: user=0.00 sys=0.00, real=0.00 secs] 
2020-10-27T21:54:25.905+0800: [GC concurrent-root-region-scan-start]
2020-10-27T21:54:25.905+0800: [GC concurrent-root-region-scan-end, 0.0001076 secs]
2020-10-27T21:54:25.905+0800: [GC concurrent-mark-start]
2020-10-27T21:54:25.908+0800: [GC concurrent-mark-end, 0.0033774 secs]
2020-10-27T21:54:25.908+0800: [GC remark 2020-10-27T21:54:25.908+0800: [Finalize Marking, 0.0000967 secs] 2020-10-27T21:54:25.908+0800: [GC ref-proc, 0.0000766 secs] 2020-10-27T21:54:25.909+0800: [Unloading, 0.0004950 secs], 0.0016769 secs]
 [Times: user=0.00 sys=0.00, real=0.00 secs] 
2020-10-27T21:54:25.910+0800: [GC cleanup 435M->435M(512M), 0.0003244 secs]
 [Times: user=0.00 sys=0.00, real=0.00 secs] 
2020-10-27T21:54:25.911+0800: [GC pause (G1 Evacuation Pause) (young), 0.0030184 secs]
   [Parallel Time: 2.7 ms, GC Workers: 4]
      [GC Worker Start (ms): Min: 1094.8, Avg: 1095.1, Max: 1096.2, Diff: 1.5]
      [Ext Root Scanning (ms): Min: 0.0, Avg: 0.1, Max: 0.2, Diff: 0.2, Sum: 0.5]
      [Update RS (ms): Min: 0.0, Avg: 1.0, Max: 1.3, Diff: 1.3, Sum: 3.9]
         [Processed Buffers: Min: 0, Avg: 22.0, Max: 32, Diff: 32, Sum: 88]
      [Scan RS (ms): Min: 0.0, Avg: 0.0, Max: 0.0, Diff: 0.0, Sum: 0.0]
      [Code Root Scanning (ms): Min: 0.0, Avg: 0.0, Max: 0.0, Diff: 0.0, Sum: 0.0]
      [Object Copy (ms): Min: 1.2, Avg: 1.2, Max: 1.3, Diff: 0.1, Sum: 4.8]
      [Termination (ms): Min: 0.0, Avg: 0.1, Max: 0.1, Diff: 0.1, Sum: 0.2]
         [Termination Attempts: Min: 1, Avg: 1.0, Max: 1, Diff: 0, Sum: 4]
      [GC Worker Other (ms): Min: 0.0, Avg: 0.0, Max: 0.0, Diff: 0.0, Sum: 0.0]
      [GC Worker Total (ms): Min: 1.3, Avg: 2.3, Max: 2.7, Diff: 1.5, Sum: 9.4]
      [GC Worker End (ms): Min: 1097.5, Avg: 1097.5, Max: 1097.5, Diff: 0.0]
   [Code Root Fixup: 0.0 ms]
   [Code Root Purge: 0.0 ms]
   [Clear CT: 0.0 ms]
   [Other: 0.3 ms]
      [Choose CSet: 0.0 ms]
      [Ref Proc: 0.0 ms]
      [Ref Enq: 0.0 ms]
      [Redirty Cards: 0.0 ms]
      [Humongous Register: 0.1 ms]
      [Humongous Reclaim: 0.0 ms]
      [Free CSet: 0.0 ms]
   [Eden: 23.0M(23.0M)->0.0B(21.0M) Survivors: 2048.0K->4096.0K Heap: 441.0M(512.0M)->418.9M(512.0M)]
 [Times: user=0.00 sys=0.00, real=0.00 secs] 
执行结束!共生成对象次数:10806
Heap
 garbage-first heap   total 524288K, used 454459K [0x00000000e0000000, 0x00000000e0101000, 0x0000000100000000)
  region size 1024K, 24 young (24576K), 4 survivors (4096K)
 Metaspace       used 3259K, capacity 4486K, committed 4864K, reserved 1056768K
  class space    used 362K, capacity 386K, committed 512K, reserved 1048576K
</pre>

5. 性能对比

GC方式 | 生成对象数
---|---
串行 | 9745
 并行  | 8502  
 CMS   | 9444  
 G1 | 10806  
 
从结果来看，G1的吞吐率最高。有趣的是，串行并没有像想象中的是最低的。观察并行和CMS，它们FullGC的次数比串行的多。

